DEBUG:root:filenames
DEBUG:root:./images_joh/edit/all/portrait_3.jpeg
DEBUG:root:filenames
DEBUG:root:./images_joh/edit/all/art_6.jpeg
DEBUG:root:filenames
DEBUG:root:./images_joh/edit/all/nature_1.jpeg
DEBUG:root:filenames
DEBUG:root:./images_joh/edit/all/art_7.jpeg
DEBUG:root:filenames
DEBUG:root:./images_joh/edit/all/nature_10.jpeg
DEBUG:root:filenames
DEBUG:root:./images_joh/edit/all/art_10.jpeg
DEBUG:root:filenames
DEBUG:root:./images_joh/edit/all/portrait_2.jpeg
DEBUG:root:filenames
DEBUG:root:./images_joh/edit/all/portrait_9.jpeg
DEBUG:root:filenames
DEBUG:root:./images_joh/edit/all/portrait_5.jpeg
DEBUG:root:filenames
DEBUG:root:./images_joh/edit/all/nature_6.jpeg
DEBUG:root:filenames
DEBUG:root:./images_joh/edit/all/nature_7.jpeg
DEBUG:root:filenames
DEBUG:root:./images_joh/edit/all/art_1.jpeg
DEBUG:root:filenames
DEBUG:root:./images_joh/edit/all/portrait_4.jpeg
DEBUG:root:filenames
DEBUG:root:./images_joh/edit/all/portrait_8.jpeg
DEBUG:root:filenames
DEBUG:root:./images_joh/edit/all/nature_4.jpeg
DEBUG:root:filenames
DEBUG:root:./images_joh/edit/all/art_2.jpeg
DEBUG:root:filenames
DEBUG:root:./images_joh/edit/all/portrait_7.jpeg
DEBUG:root:filenames
DEBUG:root:./images_joh/edit/all/portrait_6.jpeg
DEBUG:root:filenames
DEBUG:root:./images_joh/edit/all/art_3.jpeg
DEBUG:root:filenames
DEBUG:root:./images_joh/edit/all/nature_5.jpeg
DEBUG:root:filenames
DEBUG:root:./images_joh/edit/all/nature_2.jpeg
DEBUG:root:filenames
DEBUG:root:./images_joh/edit/all/nautre_8.jpeg
DEBUG:root:filenames
DEBUG:root:./images_joh/edit/all/art_4.jpeg
DEBUG:root:filenames
DEBUG:root:./images_joh/edit/all/portrait_1.jpeg
DEBUG:root:filenames
DEBUG:root:./images_joh/edit/all/art_8.jpeg
DEBUG:root:filenames
DEBUG:root:./images_joh/edit/all/portrait_10.jpeg
DEBUG:root:filenames
DEBUG:root:./images_joh/edit/all/art_9.jpeg
DEBUG:root:filenames
DEBUG:root:./images_joh/edit/all/art_5.jpeg
DEBUG:root:filenames
DEBUG:root:./images_joh/edit/all/nautre_9.jpeg
DEBUG:root:filenames
DEBUG:root:./images_joh/edit/all/nature_3.jpeg
DEBUG:root:sigmas: [3 2 2 1 1]
DEBUG:root:sigmas_str: 3_2_2_1_1
DEBUG:root:saved files
DEBUG:root:./img_out/3_2_2_1_1/portrait_3.jpeg
DEBUG:root:./img_out/3_2_2_1_1/portrait_3_r.jpeg
DEBUG:root:./img_out/3_2_2_1_1/art_6.jpeg
DEBUG:root:./img_out/3_2_2_1_1/art_6_r.jpeg
DEBUG:root:./img_out/3_2_2_1_1/nature_1.jpeg
DEBUG:root:./img_out/3_2_2_1_1/nature_1_r.jpeg
DEBUG:root:./img_out/3_2_2_1_1/art_7.jpeg
DEBUG:root:./img_out/3_2_2_1_1/art_7_r.jpeg
DEBUG:root:./img_out/3_2_2_1_1/nature_10.jpeg
DEBUG:root:./img_out/3_2_2_1_1/nature_10_r.jpeg
DEBUG:root:./img_out/3_2_2_1_1/art_10.jpeg
DEBUG:root:./img_out/3_2_2_1_1/art_10_r.jpeg
DEBUG:root:./img_out/3_2_2_1_1/portrait_2.jpeg
DEBUG:root:./img_out/3_2_2_1_1/portrait_2_r.jpeg
DEBUG:root:./img_out/3_2_2_1_1/portrait_9.jpeg
DEBUG:root:./img_out/3_2_2_1_1/portrait_9_r.jpeg
DEBUG:root:./img_out/3_2_2_1_1/portrait_5.jpeg
DEBUG:root:./img_out/3_2_2_1_1/portrait_5_r.jpeg
DEBUG:root:./img_out/3_2_2_1_1/nature_6.jpeg
DEBUG:root:./img_out/3_2_2_1_1/nature_6_r.jpeg
DEBUG:root:./img_out/3_2_2_1_1/nature_7.jpeg
DEBUG:root:./img_out/3_2_2_1_1/nature_7_r.jpeg
DEBUG:root:./img_out/3_2_2_1_1/art_1.jpeg
DEBUG:root:./img_out/3_2_2_1_1/art_1_r.jpeg
DEBUG:root:./img_out/3_2_2_1_1/portrait_4.jpeg
DEBUG:root:./img_out/3_2_2_1_1/portrait_4_r.jpeg
DEBUG:root:./img_out/3_2_2_1_1/portrait_8.jpeg
DEBUG:root:./img_out/3_2_2_1_1/portrait_8_r.jpeg
DEBUG:root:./img_out/3_2_2_1_1/nature_4.jpeg
DEBUG:root:./img_out/3_2_2_1_1/nature_4_r.jpeg
DEBUG:root:./img_out/3_2_2_1_1/art_2.jpeg
DEBUG:root:./img_out/3_2_2_1_1/art_2_r.jpeg
DEBUG:root:./img_out/3_2_2_1_1/portrait_7.jpeg
DEBUG:root:./img_out/3_2_2_1_1/portrait_7_r.jpeg
DEBUG:root:./img_out/3_2_2_1_1/portrait_6.jpeg
DEBUG:root:./img_out/3_2_2_1_1/portrait_6_r.jpeg
DEBUG:root:./img_out/3_2_2_1_1/art_3.jpeg
DEBUG:root:./img_out/3_2_2_1_1/art_3_r.jpeg
DEBUG:root:./img_out/3_2_2_1_1/nature_5.jpeg
DEBUG:root:./img_out/3_2_2_1_1/nature_5_r.jpeg
DEBUG:root:./img_out/3_2_2_1_1/nature_2.jpeg
DEBUG:root:./img_out/3_2_2_1_1/nature_2_r.jpeg
DEBUG:root:./img_out/3_2_2_1_1/nautre_8.jpeg
DEBUG:root:./img_out/3_2_2_1_1/nautre_8_r.jpeg
DEBUG:root:./img_out/3_2_2_1_1/art_4.jpeg
DEBUG:root:./img_out/3_2_2_1_1/art_4_r.jpeg
DEBUG:root:./img_out/3_2_2_1_1/portrait_1.jpeg
DEBUG:root:./img_out/3_2_2_1_1/portrait_1_r.jpeg
DEBUG:root:./img_out/3_2_2_1_1/art_8.jpeg
DEBUG:root:./img_out/3_2_2_1_1/art_8_r.jpeg
DEBUG:root:./img_out/3_2_2_1_1/portrait_10.jpeg
DEBUG:root:./img_out/3_2_2_1_1/portrait_10_r.jpeg
DEBUG:root:./img_out/3_2_2_1_1/art_9.jpeg
DEBUG:root:./img_out/3_2_2_1_1/art_9_r.jpeg
DEBUG:root:./img_out/3_2_2_1_1/art_5.jpeg
DEBUG:root:./img_out/3_2_2_1_1/art_5_r.jpeg
DEBUG:root:./img_out/3_2_2_1_1/nautre_9.jpeg
DEBUG:root:./img_out/3_2_2_1_1/nautre_9_r.jpeg
DEBUG:root:./img_out/3_2_2_1_1/nature_3.jpeg
DEBUG:root:./img_out/3_2_2_1_1/nature_3_r.jpeg
DEBUG:root:./img_out/3_2_2_1_1/portrait_3_3.jpeg
DEBUG:root:./img_out/3_2_2_1_1/portrait_3_r_3.jpeg
DEBUG:root:./img_out/3_2_2_1_1/art_6_3.jpeg
DEBUG:root:./img_out/3_2_2_1_1/art_6_r_3.jpeg
DEBUG:root:./img_out/3_2_2_1_1/nature_1_3.jpeg
DEBUG:root:./img_out/3_2_2_1_1/nature_1_r_3.jpeg
DEBUG:root:./img_out/3_2_2_1_1/art_7_3.jpeg
DEBUG:root:./img_out/3_2_2_1_1/art_7_r_3.jpeg
DEBUG:root:./img_out/3_2_2_1_1/nature_10_3.jpeg
DEBUG:root:./img_out/3_2_2_1_1/nature_10_r_3.jpeg
DEBUG:root:./img_out/3_2_2_1_1/art_10_3.jpeg
DEBUG:root:./img_out/3_2_2_1_1/art_10_r_3.jpeg
DEBUG:root:./img_out/3_2_2_1_1/portrait_2_3.jpeg
DEBUG:root:./img_out/3_2_2_1_1/portrait_2_r_3.jpeg
DEBUG:root:./img_out/3_2_2_1_1/portrait_9_3.jpeg
DEBUG:root:./img_out/3_2_2_1_1/portrait_9_r_3.jpeg
DEBUG:root:./img_out/3_2_2_1_1/portrait_5_3.jpeg
DEBUG:root:./img_out/3_2_2_1_1/portrait_5_r_3.jpeg
DEBUG:root:./img_out/3_2_2_1_1/nature_6_3.jpeg
DEBUG:root:./img_out/3_2_2_1_1/nature_6_r_3.jpeg
DEBUG:root:./img_out/3_2_2_1_1/nature_7_3.jpeg
DEBUG:root:./img_out/3_2_2_1_1/nature_7_r_3.jpeg
DEBUG:root:./img_out/3_2_2_1_1/art_1_3.jpeg
DEBUG:root:./img_out/3_2_2_1_1/art_1_r_3.jpeg
DEBUG:root:./img_out/3_2_2_1_1/portrait_4_3.jpeg
DEBUG:root:./img_out/3_2_2_1_1/portrait_4_r_3.jpeg
DEBUG:root:./img_out/3_2_2_1_1/portrait_8_3.jpeg
DEBUG:root:./img_out/3_2_2_1_1/portrait_8_r_3.jpeg
DEBUG:root:./img_out/3_2_2_1_1/nature_4_3.jpeg
DEBUG:root:./img_out/3_2_2_1_1/nature_4_r_3.jpeg
DEBUG:root:./img_out/3_2_2_1_1/art_2_3.jpeg
DEBUG:root:./img_out/3_2_2_1_1/art_2_r_3.jpeg
DEBUG:root:./img_out/3_2_2_1_1/portrait_7_3.jpeg
DEBUG:root:./img_out/3_2_2_1_1/portrait_7_r_3.jpeg
DEBUG:root:./img_out/3_2_2_1_1/portrait_6_3.jpeg
DEBUG:root:./img_out/3_2_2_1_1/portrait_6_r_3.jpeg
DEBUG:root:./img_out/3_2_2_1_1/art_3_3.jpeg
DEBUG:root:./img_out/3_2_2_1_1/art_3_r_3.jpeg
DEBUG:root:./img_out/3_2_2_1_1/nature_5_3.jpeg
DEBUG:root:./img_out/3_2_2_1_1/nature_5_r_3.jpeg
DEBUG:root:./img_out/3_2_2_1_1/nature_2_3.jpeg
DEBUG:root:./img_out/3_2_2_1_1/nature_2_r_3.jpeg
DEBUG:root:./img_out/3_2_2_1_1/nautre_8_3.jpeg
DEBUG:root:./img_out/3_2_2_1_1/nautre_8_r_3.jpeg
DEBUG:root:./img_out/3_2_2_1_1/art_4_3.jpeg
DEBUG:root:./img_out/3_2_2_1_1/art_4_r_3.jpeg
DEBUG:root:./img_out/3_2_2_1_1/portrait_1_3.jpeg
DEBUG:root:./img_out/3_2_2_1_1/portrait_1_r_3.jpeg
DEBUG:root:./img_out/3_2_2_1_1/art_8_3.jpeg
DEBUG:root:./img_out/3_2_2_1_1/art_8_r_3.jpeg
DEBUG:root:./img_out/3_2_2_1_1/portrait_10_3.jpeg
DEBUG:root:./img_out/3_2_2_1_1/portrait_10_r_3.jpeg
DEBUG:root:./img_out/3_2_2_1_1/art_9_3.jpeg
DEBUG:root:./img_out/3_2_2_1_1/art_9_r_3.jpeg
DEBUG:root:./img_out/3_2_2_1_1/art_5_3.jpeg
DEBUG:root:./img_out/3_2_2_1_1/art_5_r_3.jpeg
DEBUG:root:./img_out/3_2_2_1_1/nautre_9_3.jpeg
DEBUG:root:./img_out/3_2_2_1_1/nautre_9_r_3.jpeg
DEBUG:root:./img_out/3_2_2_1_1/nature_3_3.jpeg
DEBUG:root:./img_out/3_2_2_1_1/nature_3_r_3.jpeg
DEBUG:root:./img_out/3_2_2_1_1/portrait_3_2.jpeg
DEBUG:root:./img_out/3_2_2_1_1/portrait_3_r_2.jpeg
DEBUG:root:./img_out/3_2_2_1_1/art_6_2.jpeg
DEBUG:root:./img_out/3_2_2_1_1/art_6_r_2.jpeg
DEBUG:root:./img_out/3_2_2_1_1/nature_1_2.jpeg
DEBUG:root:./img_out/3_2_2_1_1/nature_1_r_2.jpeg
DEBUG:root:./img_out/3_2_2_1_1/art_7_2.jpeg
DEBUG:root:./img_out/3_2_2_1_1/art_7_r_2.jpeg
DEBUG:root:./img_out/3_2_2_1_1/nature_10_2.jpeg
DEBUG:root:./img_out/3_2_2_1_1/nature_10_r_2.jpeg
DEBUG:root:./img_out/3_2_2_1_1/art_10_2.jpeg
DEBUG:root:./img_out/3_2_2_1_1/art_10_r_2.jpeg
DEBUG:root:./img_out/3_2_2_1_1/portrait_2_2.jpeg
DEBUG:root:./img_out/3_2_2_1_1/portrait_2_r_2.jpeg
DEBUG:root:./img_out/3_2_2_1_1/portrait_9_2.jpeg
DEBUG:root:./img_out/3_2_2_1_1/portrait_9_r_2.jpeg
DEBUG:root:./img_out/3_2_2_1_1/portrait_5_2.jpeg
DEBUG:root:./img_out/3_2_2_1_1/portrait_5_r_2.jpeg
DEBUG:root:./img_out/3_2_2_1_1/nature_6_2.jpeg
DEBUG:root:./img_out/3_2_2_1_1/nature_6_r_2.jpeg
DEBUG:root:./img_out/3_2_2_1_1/nature_7_2.jpeg
DEBUG:root:./img_out/3_2_2_1_1/nature_7_r_2.jpeg
DEBUG:root:./img_out/3_2_2_1_1/art_1_2.jpeg
DEBUG:root:./img_out/3_2_2_1_1/art_1_r_2.jpeg
DEBUG:root:./img_out/3_2_2_1_1/portrait_4_2.jpeg
DEBUG:root:./img_out/3_2_2_1_1/portrait_4_r_2.jpeg
DEBUG:root:./img_out/3_2_2_1_1/portrait_8_2.jpeg
DEBUG:root:./img_out/3_2_2_1_1/portrait_8_r_2.jpeg
DEBUG:root:./img_out/3_2_2_1_1/nature_4_2.jpeg
DEBUG:root:./img_out/3_2_2_1_1/nature_4_r_2.jpeg
DEBUG:root:./img_out/3_2_2_1_1/art_2_2.jpeg
DEBUG:root:./img_out/3_2_2_1_1/art_2_r_2.jpeg
DEBUG:root:./img_out/3_2_2_1_1/portrait_7_2.jpeg
DEBUG:root:./img_out/3_2_2_1_1/portrait_7_r_2.jpeg
DEBUG:root:./img_out/3_2_2_1_1/portrait_6_2.jpeg
DEBUG:root:./img_out/3_2_2_1_1/portrait_6_r_2.jpeg
DEBUG:root:./img_out/3_2_2_1_1/art_3_2.jpeg
DEBUG:root:./img_out/3_2_2_1_1/art_3_r_2.jpeg
DEBUG:root:./img_out/3_2_2_1_1/nature_5_2.jpeg
DEBUG:root:./img_out/3_2_2_1_1/nature_5_r_2.jpeg
DEBUG:root:./img_out/3_2_2_1_1/nature_2_2.jpeg
DEBUG:root:./img_out/3_2_2_1_1/nature_2_r_2.jpeg
DEBUG:root:./img_out/3_2_2_1_1/nautre_8_2.jpeg
DEBUG:root:./img_out/3_2_2_1_1/nautre_8_r_2.jpeg
DEBUG:root:./img_out/3_2_2_1_1/art_4_2.jpeg
DEBUG:root:./img_out/3_2_2_1_1/art_4_r_2.jpeg
DEBUG:root:./img_out/3_2_2_1_1/portrait_1_2.jpeg
DEBUG:root:./img_out/3_2_2_1_1/portrait_1_r_2.jpeg
DEBUG:root:./img_out/3_2_2_1_1/art_8_2.jpeg
DEBUG:root:./img_out/3_2_2_1_1/art_8_r_2.jpeg
DEBUG:root:./img_out/3_2_2_1_1/portrait_10_2.jpeg
DEBUG:root:./img_out/3_2_2_1_1/portrait_10_r_2.jpeg
DEBUG:root:./img_out/3_2_2_1_1/art_9_2.jpeg
DEBUG:root:./img_out/3_2_2_1_1/art_9_r_2.jpeg
DEBUG:root:./img_out/3_2_2_1_1/art_5_2.jpeg
DEBUG:root:./img_out/3_2_2_1_1/art_5_r_2.jpeg
DEBUG:root:./img_out/3_2_2_1_1/nautre_9_2.jpeg
DEBUG:root:./img_out/3_2_2_1_1/nautre_9_r_2.jpeg
DEBUG:root:./img_out/3_2_2_1_1/nature_3_2.jpeg
DEBUG:root:./img_out/3_2_2_1_1/nature_3_r_2.jpeg
DEBUG:root:./img_out/3_2_2_1_1/portrait_3_1.jpeg
DEBUG:root:./img_out/3_2_2_1_1/portrait_3_r_1.jpeg
DEBUG:root:./img_out/3_2_2_1_1/art_6_1.jpeg
DEBUG:root:./img_out/3_2_2_1_1/art_6_r_1.jpeg
DEBUG:root:./img_out/3_2_2_1_1/nature_1_1.jpeg
DEBUG:root:./img_out/3_2_2_1_1/nature_1_r_1.jpeg
DEBUG:root:./img_out/3_2_2_1_1/art_7_1.jpeg
DEBUG:root:./img_out/3_2_2_1_1/art_7_r_1.jpeg
DEBUG:root:./img_out/3_2_2_1_1/nature_10_1.jpeg
DEBUG:root:./img_out/3_2_2_1_1/nature_10_r_1.jpeg
DEBUG:root:./img_out/3_2_2_1_1/art_10_1.jpeg
DEBUG:root:./img_out/3_2_2_1_1/art_10_r_1.jpeg
DEBUG:root:./img_out/3_2_2_1_1/portrait_2_1.jpeg
DEBUG:root:./img_out/3_2_2_1_1/portrait_2_r_1.jpeg
DEBUG:root:./img_out/3_2_2_1_1/portrait_9_1.jpeg
DEBUG:root:./img_out/3_2_2_1_1/portrait_9_r_1.jpeg
DEBUG:root:./img_out/3_2_2_1_1/portrait_5_1.jpeg
DEBUG:root:./img_out/3_2_2_1_1/portrait_5_r_1.jpeg
DEBUG:root:./img_out/3_2_2_1_1/nature_6_1.jpeg
DEBUG:root:./img_out/3_2_2_1_1/nature_6_r_1.jpeg
DEBUG:root:./img_out/3_2_2_1_1/nature_7_1.jpeg
DEBUG:root:./img_out/3_2_2_1_1/nature_7_r_1.jpeg
DEBUG:root:./img_out/3_2_2_1_1/art_1_1.jpeg
DEBUG:root:./img_out/3_2_2_1_1/art_1_r_1.jpeg
DEBUG:root:./img_out/3_2_2_1_1/portrait_4_1.jpeg
DEBUG:root:./img_out/3_2_2_1_1/portrait_4_r_1.jpeg
DEBUG:root:./img_out/3_2_2_1_1/portrait_8_1.jpeg
DEBUG:root:./img_out/3_2_2_1_1/portrait_8_r_1.jpeg
DEBUG:root:./img_out/3_2_2_1_1/nature_4_1.jpeg
DEBUG:root:./img_out/3_2_2_1_1/nature_4_r_1.jpeg
DEBUG:root:./img_out/3_2_2_1_1/art_2_1.jpeg
DEBUG:root:./img_out/3_2_2_1_1/art_2_r_1.jpeg
DEBUG:root:./img_out/3_2_2_1_1/portrait_7_1.jpeg
DEBUG:root:./img_out/3_2_2_1_1/portrait_7_r_1.jpeg
DEBUG:root:./img_out/3_2_2_1_1/portrait_6_1.jpeg
DEBUG:root:./img_out/3_2_2_1_1/portrait_6_r_1.jpeg
DEBUG:root:./img_out/3_2_2_1_1/art_3_1.jpeg
DEBUG:root:./img_out/3_2_2_1_1/art_3_r_1.jpeg
DEBUG:root:./img_out/3_2_2_1_1/nature_5_1.jpeg
DEBUG:root:./img_out/3_2_2_1_1/nature_5_r_1.jpeg
DEBUG:root:./img_out/3_2_2_1_1/nature_2_1.jpeg
DEBUG:root:./img_out/3_2_2_1_1/nature_2_r_1.jpeg
DEBUG:root:./img_out/3_2_2_1_1/nautre_8_1.jpeg
DEBUG:root:./img_out/3_2_2_1_1/nautre_8_r_1.jpeg
DEBUG:root:./img_out/3_2_2_1_1/art_4_1.jpeg
DEBUG:root:./img_out/3_2_2_1_1/art_4_r_1.jpeg
DEBUG:root:./img_out/3_2_2_1_1/portrait_1_1.jpeg
DEBUG:root:./img_out/3_2_2_1_1/portrait_1_r_1.jpeg
DEBUG:root:./img_out/3_2_2_1_1/art_8_1.jpeg
DEBUG:root:./img_out/3_2_2_1_1/art_8_r_1.jpeg
DEBUG:root:./img_out/3_2_2_1_1/portrait_10_1.jpeg
DEBUG:root:./img_out/3_2_2_1_1/portrait_10_r_1.jpeg
DEBUG:root:./img_out/3_2_2_1_1/art_9_1.jpeg
DEBUG:root:./img_out/3_2_2_1_1/art_9_r_1.jpeg
DEBUG:root:./img_out/3_2_2_1_1/art_5_1.jpeg
DEBUG:root:./img_out/3_2_2_1_1/art_5_r_1.jpeg
DEBUG:root:./img_out/3_2_2_1_1/nautre_9_1.jpeg
DEBUG:root:./img_out/3_2_2_1_1/nautre_9_r_1.jpeg
DEBUG:root:./img_out/3_2_2_1_1/nature_3_1.jpeg
DEBUG:root:./img_out/3_2_2_1_1/nature_3_r_1.jpeg
DEBUG:root:sigmas: [7 4 3 2 1]
DEBUG:root:sigmas_str: 7_4_3_2_1
DEBUG:root:saved files
DEBUG:root:./img_out/7_4_3_2_1/portrait_3.jpeg
DEBUG:root:./img_out/7_4_3_2_1/portrait_3_r.jpeg
DEBUG:root:./img_out/7_4_3_2_1/art_6.jpeg
DEBUG:root:./img_out/7_4_3_2_1/art_6_r.jpeg
DEBUG:root:./img_out/7_4_3_2_1/nature_1.jpeg
DEBUG:root:./img_out/7_4_3_2_1/nature_1_r.jpeg
DEBUG:root:./img_out/7_4_3_2_1/art_7.jpeg
DEBUG:root:./img_out/7_4_3_2_1/art_7_r.jpeg
DEBUG:root:./img_out/7_4_3_2_1/nature_10.jpeg
DEBUG:root:./img_out/7_4_3_2_1/nature_10_r.jpeg
DEBUG:root:./img_out/7_4_3_2_1/art_10.jpeg
DEBUG:root:./img_out/7_4_3_2_1/art_10_r.jpeg
DEBUG:root:./img_out/7_4_3_2_1/portrait_2.jpeg
DEBUG:root:./img_out/7_4_3_2_1/portrait_2_r.jpeg
DEBUG:root:./img_out/7_4_3_2_1/portrait_9.jpeg
DEBUG:root:./img_out/7_4_3_2_1/portrait_9_r.jpeg
DEBUG:root:./img_out/7_4_3_2_1/portrait_5.jpeg
DEBUG:root:./img_out/7_4_3_2_1/portrait_5_r.jpeg
DEBUG:root:./img_out/7_4_3_2_1/nature_6.jpeg
DEBUG:root:./img_out/7_4_3_2_1/nature_6_r.jpeg
DEBUG:root:./img_out/7_4_3_2_1/nature_7.jpeg
DEBUG:root:./img_out/7_4_3_2_1/nature_7_r.jpeg
DEBUG:root:./img_out/7_4_3_2_1/art_1.jpeg
DEBUG:root:./img_out/7_4_3_2_1/art_1_r.jpeg
DEBUG:root:./img_out/7_4_3_2_1/portrait_4.jpeg
DEBUG:root:./img_out/7_4_3_2_1/portrait_4_r.jpeg
DEBUG:root:./img_out/7_4_3_2_1/portrait_8.jpeg
DEBUG:root:./img_out/7_4_3_2_1/portrait_8_r.jpeg
DEBUG:root:./img_out/7_4_3_2_1/nature_4.jpeg
DEBUG:root:./img_out/7_4_3_2_1/nature_4_r.jpeg
DEBUG:root:./img_out/7_4_3_2_1/art_2.jpeg
DEBUG:root:./img_out/7_4_3_2_1/art_2_r.jpeg
DEBUG:root:./img_out/7_4_3_2_1/portrait_7.jpeg
DEBUG:root:./img_out/7_4_3_2_1/portrait_7_r.jpeg
DEBUG:root:./img_out/7_4_3_2_1/portrait_6.jpeg
DEBUG:root:./img_out/7_4_3_2_1/portrait_6_r.jpeg
DEBUG:root:./img_out/7_4_3_2_1/art_3.jpeg
DEBUG:root:./img_out/7_4_3_2_1/art_3_r.jpeg
DEBUG:root:./img_out/7_4_3_2_1/nature_5.jpeg
DEBUG:root:./img_out/7_4_3_2_1/nature_5_r.jpeg
DEBUG:root:./img_out/7_4_3_2_1/nature_2.jpeg
DEBUG:root:./img_out/7_4_3_2_1/nature_2_r.jpeg
DEBUG:root:./img_out/7_4_3_2_1/nautre_8.jpeg
DEBUG:root:./img_out/7_4_3_2_1/nautre_8_r.jpeg
DEBUG:root:./img_out/7_4_3_2_1/art_4.jpeg
DEBUG:root:./img_out/7_4_3_2_1/art_4_r.jpeg
DEBUG:root:./img_out/7_4_3_2_1/portrait_1.jpeg
DEBUG:root:./img_out/7_4_3_2_1/portrait_1_r.jpeg
DEBUG:root:./img_out/7_4_3_2_1/art_8.jpeg
DEBUG:root:./img_out/7_4_3_2_1/art_8_r.jpeg
DEBUG:root:./img_out/7_4_3_2_1/portrait_10.jpeg
DEBUG:root:./img_out/7_4_3_2_1/portrait_10_r.jpeg
DEBUG:root:./img_out/7_4_3_2_1/art_9.jpeg
DEBUG:root:./img_out/7_4_3_2_1/art_9_r.jpeg
DEBUG:root:./img_out/7_4_3_2_1/art_5.jpeg
DEBUG:root:./img_out/7_4_3_2_1/art_5_r.jpeg
DEBUG:root:./img_out/7_4_3_2_1/nautre_9.jpeg
DEBUG:root:./img_out/7_4_3_2_1/nautre_9_r.jpeg
DEBUG:root:./img_out/7_4_3_2_1/nature_3.jpeg
DEBUG:root:./img_out/7_4_3_2_1/nature_3_r.jpeg
DEBUG:root:./img_out/7_4_3_2_1/portrait_3_7.jpeg
DEBUG:root:./img_out/7_4_3_2_1/portrait_3_r_7.jpeg
DEBUG:root:./img_out/7_4_3_2_1/art_6_7.jpeg
DEBUG:root:./img_out/7_4_3_2_1/art_6_r_7.jpeg
DEBUG:root:./img_out/7_4_3_2_1/nature_1_7.jpeg
DEBUG:root:./img_out/7_4_3_2_1/nature_1_r_7.jpeg
DEBUG:root:./img_out/7_4_3_2_1/art_7_7.jpeg
DEBUG:root:./img_out/7_4_3_2_1/art_7_r_7.jpeg
DEBUG:root:./img_out/7_4_3_2_1/nature_10_7.jpeg
DEBUG:root:./img_out/7_4_3_2_1/nature_10_r_7.jpeg
DEBUG:root:./img_out/7_4_3_2_1/art_10_7.jpeg
DEBUG:root:./img_out/7_4_3_2_1/art_10_r_7.jpeg
DEBUG:root:./img_out/7_4_3_2_1/portrait_2_7.jpeg
DEBUG:root:./img_out/7_4_3_2_1/portrait_2_r_7.jpeg
DEBUG:root:./img_out/7_4_3_2_1/portrait_9_7.jpeg
DEBUG:root:./img_out/7_4_3_2_1/portrait_9_r_7.jpeg
DEBUG:root:./img_out/7_4_3_2_1/portrait_5_7.jpeg
DEBUG:root:./img_out/7_4_3_2_1/portrait_5_r_7.jpeg
DEBUG:root:./img_out/7_4_3_2_1/nature_6_7.jpeg
DEBUG:root:./img_out/7_4_3_2_1/nature_6_r_7.jpeg
DEBUG:root:./img_out/7_4_3_2_1/nature_7_7.jpeg
DEBUG:root:./img_out/7_4_3_2_1/nature_7_r_7.jpeg
DEBUG:root:./img_out/7_4_3_2_1/art_1_7.jpeg
DEBUG:root:./img_out/7_4_3_2_1/art_1_r_7.jpeg
DEBUG:root:./img_out/7_4_3_2_1/portrait_4_7.jpeg
DEBUG:root:./img_out/7_4_3_2_1/portrait_4_r_7.jpeg
DEBUG:root:./img_out/7_4_3_2_1/portrait_8_7.jpeg
DEBUG:root:./img_out/7_4_3_2_1/portrait_8_r_7.jpeg
DEBUG:root:./img_out/7_4_3_2_1/nature_4_7.jpeg
DEBUG:root:./img_out/7_4_3_2_1/nature_4_r_7.jpeg
DEBUG:root:./img_out/7_4_3_2_1/art_2_7.jpeg
DEBUG:root:./img_out/7_4_3_2_1/art_2_r_7.jpeg
DEBUG:root:./img_out/7_4_3_2_1/portrait_7_7.jpeg
DEBUG:root:./img_out/7_4_3_2_1/portrait_7_r_7.jpeg
DEBUG:root:./img_out/7_4_3_2_1/portrait_6_7.jpeg
DEBUG:root:./img_out/7_4_3_2_1/portrait_6_r_7.jpeg
DEBUG:root:./img_out/7_4_3_2_1/art_3_7.jpeg
DEBUG:root:./img_out/7_4_3_2_1/art_3_r_7.jpeg
DEBUG:root:./img_out/7_4_3_2_1/nature_5_7.jpeg
DEBUG:root:./img_out/7_4_3_2_1/nature_5_r_7.jpeg
DEBUG:root:./img_out/7_4_3_2_1/nature_2_7.jpeg
DEBUG:root:./img_out/7_4_3_2_1/nature_2_r_7.jpeg
DEBUG:root:./img_out/7_4_3_2_1/nautre_8_7.jpeg
DEBUG:root:./img_out/7_4_3_2_1/nautre_8_r_7.jpeg
DEBUG:root:./img_out/7_4_3_2_1/art_4_7.jpeg
DEBUG:root:./img_out/7_4_3_2_1/art_4_r_7.jpeg
DEBUG:root:./img_out/7_4_3_2_1/portrait_1_7.jpeg
DEBUG:root:./img_out/7_4_3_2_1/portrait_1_r_7.jpeg
DEBUG:root:./img_out/7_4_3_2_1/art_8_7.jpeg
DEBUG:root:./img_out/7_4_3_2_1/art_8_r_7.jpeg
DEBUG:root:./img_out/7_4_3_2_1/portrait_10_7.jpeg
DEBUG:root:./img_out/7_4_3_2_1/portrait_10_r_7.jpeg
DEBUG:root:./img_out/7_4_3_2_1/art_9_7.jpeg
DEBUG:root:./img_out/7_4_3_2_1/art_9_r_7.jpeg
DEBUG:root:./img_out/7_4_3_2_1/art_5_7.jpeg
DEBUG:root:./img_out/7_4_3_2_1/art_5_r_7.jpeg
DEBUG:root:./img_out/7_4_3_2_1/nautre_9_7.jpeg
DEBUG:root:./img_out/7_4_3_2_1/nautre_9_r_7.jpeg
DEBUG:root:./img_out/7_4_3_2_1/nature_3_7.jpeg
DEBUG:root:./img_out/7_4_3_2_1/nature_3_r_7.jpeg
DEBUG:root:./img_out/7_4_3_2_1/portrait_3_4.jpeg
DEBUG:root:./img_out/7_4_3_2_1/portrait_3_r_4.jpeg
DEBUG:root:./img_out/7_4_3_2_1/art_6_4.jpeg
DEBUG:root:./img_out/7_4_3_2_1/art_6_r_4.jpeg
DEBUG:root:./img_out/7_4_3_2_1/nature_1_4.jpeg
DEBUG:root:./img_out/7_4_3_2_1/nature_1_r_4.jpeg
DEBUG:root:./img_out/7_4_3_2_1/art_7_4.jpeg
DEBUG:root:./img_out/7_4_3_2_1/art_7_r_4.jpeg
DEBUG:root:./img_out/7_4_3_2_1/nature_10_4.jpeg
DEBUG:root:./img_out/7_4_3_2_1/nature_10_r_4.jpeg
DEBUG:root:./img_out/7_4_3_2_1/art_10_4.jpeg
DEBUG:root:./img_out/7_4_3_2_1/art_10_r_4.jpeg
DEBUG:root:./img_out/7_4_3_2_1/portrait_2_4.jpeg
DEBUG:root:./img_out/7_4_3_2_1/portrait_2_r_4.jpeg
DEBUG:root:./img_out/7_4_3_2_1/portrait_9_4.jpeg
DEBUG:root:./img_out/7_4_3_2_1/portrait_9_r_4.jpeg
DEBUG:root:./img_out/7_4_3_2_1/portrait_5_4.jpeg
DEBUG:root:./img_out/7_4_3_2_1/portrait_5_r_4.jpeg
DEBUG:root:./img_out/7_4_3_2_1/nature_6_4.jpeg
DEBUG:root:./img_out/7_4_3_2_1/nature_6_r_4.jpeg
DEBUG:root:./img_out/7_4_3_2_1/nature_7_4.jpeg
DEBUG:root:./img_out/7_4_3_2_1/nature_7_r_4.jpeg
DEBUG:root:./img_out/7_4_3_2_1/art_1_4.jpeg
DEBUG:root:./img_out/7_4_3_2_1/art_1_r_4.jpeg
DEBUG:root:./img_out/7_4_3_2_1/portrait_4_4.jpeg
DEBUG:root:./img_out/7_4_3_2_1/portrait_4_r_4.jpeg
DEBUG:root:./img_out/7_4_3_2_1/portrait_8_4.jpeg
DEBUG:root:./img_out/7_4_3_2_1/portrait_8_r_4.jpeg
DEBUG:root:./img_out/7_4_3_2_1/nature_4_4.jpeg
DEBUG:root:./img_out/7_4_3_2_1/nature_4_r_4.jpeg
DEBUG:root:./img_out/7_4_3_2_1/art_2_4.jpeg
DEBUG:root:./img_out/7_4_3_2_1/art_2_r_4.jpeg
DEBUG:root:./img_out/7_4_3_2_1/portrait_7_4.jpeg
DEBUG:root:./img_out/7_4_3_2_1/portrait_7_r_4.jpeg
DEBUG:root:./img_out/7_4_3_2_1/portrait_6_4.jpeg
DEBUG:root:./img_out/7_4_3_2_1/portrait_6_r_4.jpeg
DEBUG:root:./img_out/7_4_3_2_1/art_3_4.jpeg
DEBUG:root:./img_out/7_4_3_2_1/art_3_r_4.jpeg
DEBUG:root:./img_out/7_4_3_2_1/nature_5_4.jpeg
DEBUG:root:./img_out/7_4_3_2_1/nature_5_r_4.jpeg
DEBUG:root:./img_out/7_4_3_2_1/nature_2_4.jpeg
DEBUG:root:./img_out/7_4_3_2_1/nature_2_r_4.jpeg
DEBUG:root:./img_out/7_4_3_2_1/nautre_8_4.jpeg
DEBUG:root:./img_out/7_4_3_2_1/nautre_8_r_4.jpeg
DEBUG:root:./img_out/7_4_3_2_1/art_4_4.jpeg
DEBUG:root:./img_out/7_4_3_2_1/art_4_r_4.jpeg
DEBUG:root:./img_out/7_4_3_2_1/portrait_1_4.jpeg
DEBUG:root:./img_out/7_4_3_2_1/portrait_1_r_4.jpeg
DEBUG:root:./img_out/7_4_3_2_1/art_8_4.jpeg
DEBUG:root:./img_out/7_4_3_2_1/art_8_r_4.jpeg
DEBUG:root:./img_out/7_4_3_2_1/portrait_10_4.jpeg
DEBUG:root:./img_out/7_4_3_2_1/portrait_10_r_4.jpeg
DEBUG:root:./img_out/7_4_3_2_1/art_9_4.jpeg
DEBUG:root:./img_out/7_4_3_2_1/art_9_r_4.jpeg
DEBUG:root:./img_out/7_4_3_2_1/art_5_4.jpeg
DEBUG:root:./img_out/7_4_3_2_1/art_5_r_4.jpeg
DEBUG:root:./img_out/7_4_3_2_1/nautre_9_4.jpeg
DEBUG:root:./img_out/7_4_3_2_1/nautre_9_r_4.jpeg
DEBUG:root:./img_out/7_4_3_2_1/nature_3_4.jpeg
DEBUG:root:./img_out/7_4_3_2_1/nature_3_r_4.jpeg
DEBUG:root:./img_out/7_4_3_2_1/portrait_3_3.jpeg
DEBUG:root:./img_out/7_4_3_2_1/portrait_3_r_3.jpeg
DEBUG:root:./img_out/7_4_3_2_1/art_6_3.jpeg
DEBUG:root:./img_out/7_4_3_2_1/art_6_r_3.jpeg
DEBUG:root:./img_out/7_4_3_2_1/nature_1_3.jpeg
DEBUG:root:./img_out/7_4_3_2_1/nature_1_r_3.jpeg
DEBUG:root:./img_out/7_4_3_2_1/art_7_3.jpeg
DEBUG:root:./img_out/7_4_3_2_1/art_7_r_3.jpeg
DEBUG:root:./img_out/7_4_3_2_1/nature_10_3.jpeg
DEBUG:root:./img_out/7_4_3_2_1/nature_10_r_3.jpeg
DEBUG:root:./img_out/7_4_3_2_1/art_10_3.jpeg
DEBUG:root:./img_out/7_4_3_2_1/art_10_r_3.jpeg
DEBUG:root:./img_out/7_4_3_2_1/portrait_2_3.jpeg
DEBUG:root:./img_out/7_4_3_2_1/portrait_2_r_3.jpeg
DEBUG:root:./img_out/7_4_3_2_1/portrait_9_3.jpeg
DEBUG:root:./img_out/7_4_3_2_1/portrait_9_r_3.jpeg
DEBUG:root:./img_out/7_4_3_2_1/portrait_5_3.jpeg
DEBUG:root:./img_out/7_4_3_2_1/portrait_5_r_3.jpeg
DEBUG:root:./img_out/7_4_3_2_1/nature_6_3.jpeg
DEBUG:root:./img_out/7_4_3_2_1/nature_6_r_3.jpeg
DEBUG:root:./img_out/7_4_3_2_1/nature_7_3.jpeg
DEBUG:root:./img_out/7_4_3_2_1/nature_7_r_3.jpeg
DEBUG:root:./img_out/7_4_3_2_1/art_1_3.jpeg
DEBUG:root:./img_out/7_4_3_2_1/art_1_r_3.jpeg
DEBUG:root:./img_out/7_4_3_2_1/portrait_4_3.jpeg
DEBUG:root:./img_out/7_4_3_2_1/portrait_4_r_3.jpeg
DEBUG:root:./img_out/7_4_3_2_1/portrait_8_3.jpeg
DEBUG:root:./img_out/7_4_3_2_1/portrait_8_r_3.jpeg
DEBUG:root:./img_out/7_4_3_2_1/nature_4_3.jpeg
DEBUG:root:./img_out/7_4_3_2_1/nature_4_r_3.jpeg
DEBUG:root:./img_out/7_4_3_2_1/art_2_3.jpeg
DEBUG:root:./img_out/7_4_3_2_1/art_2_r_3.jpeg
DEBUG:root:./img_out/7_4_3_2_1/portrait_7_3.jpeg
DEBUG:root:./img_out/7_4_3_2_1/portrait_7_r_3.jpeg
DEBUG:root:./img_out/7_4_3_2_1/portrait_6_3.jpeg
DEBUG:root:./img_out/7_4_3_2_1/portrait_6_r_3.jpeg
DEBUG:root:./img_out/7_4_3_2_1/art_3_3.jpeg
DEBUG:root:./img_out/7_4_3_2_1/art_3_r_3.jpeg
DEBUG:root:./img_out/7_4_3_2_1/nature_5_3.jpeg
DEBUG:root:./img_out/7_4_3_2_1/nature_5_r_3.jpeg
DEBUG:root:./img_out/7_4_3_2_1/nature_2_3.jpeg
DEBUG:root:./img_out/7_4_3_2_1/nature_2_r_3.jpeg
DEBUG:root:./img_out/7_4_3_2_1/nautre_8_3.jpeg
DEBUG:root:./img_out/7_4_3_2_1/nautre_8_r_3.jpeg
DEBUG:root:./img_out/7_4_3_2_1/art_4_3.jpeg
DEBUG:root:./img_out/7_4_3_2_1/art_4_r_3.jpeg
DEBUG:root:./img_out/7_4_3_2_1/portrait_1_3.jpeg
DEBUG:root:./img_out/7_4_3_2_1/portrait_1_r_3.jpeg
DEBUG:root:./img_out/7_4_3_2_1/art_8_3.jpeg
DEBUG:root:./img_out/7_4_3_2_1/art_8_r_3.jpeg
DEBUG:root:./img_out/7_4_3_2_1/portrait_10_3.jpeg
DEBUG:root:./img_out/7_4_3_2_1/portrait_10_r_3.jpeg
DEBUG:root:./img_out/7_4_3_2_1/art_9_3.jpeg
DEBUG:root:./img_out/7_4_3_2_1/art_9_r_3.jpeg
DEBUG:root:./img_out/7_4_3_2_1/art_5_3.jpeg
DEBUG:root:./img_out/7_4_3_2_1/art_5_r_3.jpeg
DEBUG:root:./img_out/7_4_3_2_1/nautre_9_3.jpeg
DEBUG:root:./img_out/7_4_3_2_1/nautre_9_r_3.jpeg
DEBUG:root:./img_out/7_4_3_2_1/nature_3_3.jpeg
DEBUG:root:./img_out/7_4_3_2_1/nature_3_r_3.jpeg
DEBUG:root:./img_out/7_4_3_2_1/portrait_3_2.jpeg
DEBUG:root:./img_out/7_4_3_2_1/portrait_3_r_2.jpeg
DEBUG:root:./img_out/7_4_3_2_1/art_6_2.jpeg
DEBUG:root:./img_out/7_4_3_2_1/art_6_r_2.jpeg
DEBUG:root:./img_out/7_4_3_2_1/nature_1_2.jpeg
DEBUG:root:./img_out/7_4_3_2_1/nature_1_r_2.jpeg
DEBUG:root:./img_out/7_4_3_2_1/art_7_2.jpeg
DEBUG:root:./img_out/7_4_3_2_1/art_7_r_2.jpeg
DEBUG:root:./img_out/7_4_3_2_1/nature_10_2.jpeg
DEBUG:root:./img_out/7_4_3_2_1/nature_10_r_2.jpeg
DEBUG:root:./img_out/7_4_3_2_1/art_10_2.jpeg
DEBUG:root:./img_out/7_4_3_2_1/art_10_r_2.jpeg
DEBUG:root:./img_out/7_4_3_2_1/portrait_2_2.jpeg
DEBUG:root:./img_out/7_4_3_2_1/portrait_2_r_2.jpeg
DEBUG:root:./img_out/7_4_3_2_1/portrait_9_2.jpeg
DEBUG:root:./img_out/7_4_3_2_1/portrait_9_r_2.jpeg
DEBUG:root:./img_out/7_4_3_2_1/portrait_5_2.jpeg
DEBUG:root:./img_out/7_4_3_2_1/portrait_5_r_2.jpeg
DEBUG:root:./img_out/7_4_3_2_1/nature_6_2.jpeg
DEBUG:root:./img_out/7_4_3_2_1/nature_6_r_2.jpeg
DEBUG:root:./img_out/7_4_3_2_1/nature_7_2.jpeg
DEBUG:root:./img_out/7_4_3_2_1/nature_7_r_2.jpeg
DEBUG:root:./img_out/7_4_3_2_1/art_1_2.jpeg
DEBUG:root:./img_out/7_4_3_2_1/art_1_r_2.jpeg
DEBUG:root:./img_out/7_4_3_2_1/portrait_4_2.jpeg
DEBUG:root:./img_out/7_4_3_2_1/portrait_4_r_2.jpeg
DEBUG:root:./img_out/7_4_3_2_1/portrait_8_2.jpeg
DEBUG:root:./img_out/7_4_3_2_1/portrait_8_r_2.jpeg
DEBUG:root:./img_out/7_4_3_2_1/nature_4_2.jpeg
DEBUG:root:./img_out/7_4_3_2_1/nature_4_r_2.jpeg
DEBUG:root:./img_out/7_4_3_2_1/art_2_2.jpeg
DEBUG:root:./img_out/7_4_3_2_1/art_2_r_2.jpeg
DEBUG:root:./img_out/7_4_3_2_1/portrait_7_2.jpeg
DEBUG:root:./img_out/7_4_3_2_1/portrait_7_r_2.jpeg
DEBUG:root:./img_out/7_4_3_2_1/portrait_6_2.jpeg
DEBUG:root:./img_out/7_4_3_2_1/portrait_6_r_2.jpeg
DEBUG:root:./img_out/7_4_3_2_1/art_3_2.jpeg
DEBUG:root:./img_out/7_4_3_2_1/art_3_r_2.jpeg
DEBUG:root:./img_out/7_4_3_2_1/nature_5_2.jpeg
DEBUG:root:./img_out/7_4_3_2_1/nature_5_r_2.jpeg
DEBUG:root:./img_out/7_4_3_2_1/nature_2_2.jpeg
DEBUG:root:./img_out/7_4_3_2_1/nature_2_r_2.jpeg
DEBUG:root:./img_out/7_4_3_2_1/nautre_8_2.jpeg
DEBUG:root:./img_out/7_4_3_2_1/nautre_8_r_2.jpeg
DEBUG:root:./img_out/7_4_3_2_1/art_4_2.jpeg
DEBUG:root:./img_out/7_4_3_2_1/art_4_r_2.jpeg
DEBUG:root:./img_out/7_4_3_2_1/portrait_1_2.jpeg
DEBUG:root:./img_out/7_4_3_2_1/portrait_1_r_2.jpeg
DEBUG:root:./img_out/7_4_3_2_1/art_8_2.jpeg
DEBUG:root:./img_out/7_4_3_2_1/art_8_r_2.jpeg
DEBUG:root:./img_out/7_4_3_2_1/portrait_10_2.jpeg
DEBUG:root:./img_out/7_4_3_2_1/portrait_10_r_2.jpeg
DEBUG:root:./img_out/7_4_3_2_1/art_9_2.jpeg
DEBUG:root:./img_out/7_4_3_2_1/art_9_r_2.jpeg
DEBUG:root:./img_out/7_4_3_2_1/art_5_2.jpeg
DEBUG:root:./img_out/7_4_3_2_1/art_5_r_2.jpeg
DEBUG:root:./img_out/7_4_3_2_1/nautre_9_2.jpeg
DEBUG:root:./img_out/7_4_3_2_1/nautre_9_r_2.jpeg
DEBUG:root:./img_out/7_4_3_2_1/nature_3_2.jpeg
DEBUG:root:./img_out/7_4_3_2_1/nature_3_r_2.jpeg
DEBUG:root:./img_out/7_4_3_2_1/portrait_3_1.jpeg
DEBUG:root:./img_out/7_4_3_2_1/portrait_3_r_1.jpeg
DEBUG:root:./img_out/7_4_3_2_1/art_6_1.jpeg
DEBUG:root:./img_out/7_4_3_2_1/art_6_r_1.jpeg
DEBUG:root:./img_out/7_4_3_2_1/nature_1_1.jpeg
DEBUG:root:./img_out/7_4_3_2_1/nature_1_r_1.jpeg
DEBUG:root:./img_out/7_4_3_2_1/art_7_1.jpeg
DEBUG:root:./img_out/7_4_3_2_1/art_7_r_1.jpeg
DEBUG:root:./img_out/7_4_3_2_1/nature_10_1.jpeg
DEBUG:root:./img_out/7_4_3_2_1/nature_10_r_1.jpeg
DEBUG:root:./img_out/7_4_3_2_1/art_10_1.jpeg
DEBUG:root:./img_out/7_4_3_2_1/art_10_r_1.jpeg
DEBUG:root:./img_out/7_4_3_2_1/portrait_2_1.jpeg
DEBUG:root:./img_out/7_4_3_2_1/portrait_2_r_1.jpeg
DEBUG:root:./img_out/7_4_3_2_1/portrait_9_1.jpeg
DEBUG:root:./img_out/7_4_3_2_1/portrait_9_r_1.jpeg
DEBUG:root:./img_out/7_4_3_2_1/portrait_5_1.jpeg
DEBUG:root:./img_out/7_4_3_2_1/portrait_5_r_1.jpeg
DEBUG:root:./img_out/7_4_3_2_1/nature_6_1.jpeg
DEBUG:root:./img_out/7_4_3_2_1/nature_6_r_1.jpeg
DEBUG:root:./img_out/7_4_3_2_1/nature_7_1.jpeg
DEBUG:root:./img_out/7_4_3_2_1/nature_7_r_1.jpeg
DEBUG:root:./img_out/7_4_3_2_1/art_1_1.jpeg
DEBUG:root:./img_out/7_4_3_2_1/art_1_r_1.jpeg
DEBUG:root:./img_out/7_4_3_2_1/portrait_4_1.jpeg
DEBUG:root:./img_out/7_4_3_2_1/portrait_4_r_1.jpeg
DEBUG:root:./img_out/7_4_3_2_1/portrait_8_1.jpeg
DEBUG:root:./img_out/7_4_3_2_1/portrait_8_r_1.jpeg
DEBUG:root:./img_out/7_4_3_2_1/nature_4_1.jpeg
DEBUG:root:./img_out/7_4_3_2_1/nature_4_r_1.jpeg
DEBUG:root:./img_out/7_4_3_2_1/art_2_1.jpeg
DEBUG:root:./img_out/7_4_3_2_1/art_2_r_1.jpeg
DEBUG:root:./img_out/7_4_3_2_1/portrait_7_1.jpeg
DEBUG:root:./img_out/7_4_3_2_1/portrait_7_r_1.jpeg
DEBUG:root:./img_out/7_4_3_2_1/portrait_6_1.jpeg
DEBUG:root:./img_out/7_4_3_2_1/portrait_6_r_1.jpeg
DEBUG:root:./img_out/7_4_3_2_1/art_3_1.jpeg
DEBUG:root:./img_out/7_4_3_2_1/art_3_r_1.jpeg
DEBUG:root:./img_out/7_4_3_2_1/nature_5_1.jpeg
DEBUG:root:./img_out/7_4_3_2_1/nature_5_r_1.jpeg
DEBUG:root:./img_out/7_4_3_2_1/nature_2_1.jpeg
DEBUG:root:./img_out/7_4_3_2_1/nature_2_r_1.jpeg
DEBUG:root:./img_out/7_4_3_2_1/nautre_8_1.jpeg
DEBUG:root:./img_out/7_4_3_2_1/nautre_8_r_1.jpeg
DEBUG:root:./img_out/7_4_3_2_1/art_4_1.jpeg
DEBUG:root:./img_out/7_4_3_2_1/art_4_r_1.jpeg
DEBUG:root:./img_out/7_4_3_2_1/portrait_1_1.jpeg
DEBUG:root:./img_out/7_4_3_2_1/portrait_1_r_1.jpeg
DEBUG:root:./img_out/7_4_3_2_1/art_8_1.jpeg
DEBUG:root:./img_out/7_4_3_2_1/art_8_r_1.jpeg
DEBUG:root:./img_out/7_4_3_2_1/portrait_10_1.jpeg
DEBUG:root:./img_out/7_4_3_2_1/portrait_10_r_1.jpeg
DEBUG:root:./img_out/7_4_3_2_1/art_9_1.jpeg
DEBUG:root:./img_out/7_4_3_2_1/art_9_r_1.jpeg
DEBUG:root:./img_out/7_4_3_2_1/art_5_1.jpeg
DEBUG:root:./img_out/7_4_3_2_1/art_5_r_1.jpeg
DEBUG:root:./img_out/7_4_3_2_1/nautre_9_1.jpeg
DEBUG:root:./img_out/7_4_3_2_1/nautre_9_r_1.jpeg
DEBUG:root:./img_out/7_4_3_2_1/nature_3_1.jpeg
DEBUG:root:./img_out/7_4_3_2_1/nature_3_r_1.jpeg
DEBUG:root:sigmas: [20  9  4  2  1]
DEBUG:root:sigmas_str: 20_9_4_2_1
DEBUG:root:filenames: 
DEBUG:root:./images_joh/edit/all/portrait_3.jpeg
DEBUG:root:./images_joh/edit/all/art_6.jpeg
DEBUG:root:./images_joh/edit/all/nature_1.jpeg
DEBUG:root:./images_joh/edit/all/art_7.jpeg
DEBUG:root:./images_joh/edit/all/nature_10.jpeg
DEBUG:root:./images_joh/edit/all/art_10.jpeg
DEBUG:root:./images_joh/edit/all/portrait_2.jpeg
DEBUG:root:./images_joh/edit/all/portrait_9.jpeg
DEBUG:root:./images_joh/edit/all/portrait_5.jpeg
DEBUG:root:./images_joh/edit/all/nature_6.jpeg
DEBUG:root:./images_joh/edit/all/nature_7.jpeg
DEBUG:root:./images_joh/edit/all/art_1.jpeg
DEBUG:root:./images_joh/edit/all/portrait_4.jpeg
DEBUG:root:./images_joh/edit/all/portrait_8.jpeg
DEBUG:root:./images_joh/edit/all/nature_4.jpeg
DEBUG:root:./images_joh/edit/all/art_2.jpeg
DEBUG:root:./images_joh/edit/all/portrait_7.jpeg
DEBUG:root:./images_joh/edit/all/portrait_6.jpeg
DEBUG:root:./images_joh/edit/all/art_3.jpeg
DEBUG:root:./images_joh/edit/all/nature_5.jpeg
DEBUG:root:./images_joh/edit/all/nature_2.jpeg
DEBUG:root:./images_joh/edit/all/nautre_8.jpeg
DEBUG:root:./images_joh/edit/all/art_4.jpeg
DEBUG:root:./images_joh/edit/all/portrait_1.jpeg
DEBUG:root:./images_joh/edit/all/art_8.jpeg
DEBUG:root:./images_joh/edit/all/portrait_10.jpeg
DEBUG:root:./images_joh/edit/all/art_9.jpeg
DEBUG:root:./images_joh/edit/all/art_5.jpeg
DEBUG:root:./images_joh/edit/all/nautre_9.jpeg
DEBUG:root:./images_joh/edit/all/nature_3.jpeg
DEBUG:root:pre: [0.   0.25 0.5  0.75 1.  ]
DEBUG:root:sigmas: [3 2 2 1 1]
DEBUG:root:sigmas_str: 3_2_2_1_1
DEBUG:root:saved files
DEBUG:root:./img_out/3_2_2_1_1/portrait_3.jpeg
DEBUG:root:./img_out/3_2_2_1_1/portrait_3_r.jpeg
DEBUG:root:./img_out/3_2_2_1_1/art_6.jpeg
DEBUG:root:./img_out/3_2_2_1_1/art_6_r.jpeg
DEBUG:root:./img_out/3_2_2_1_1/nature_1.jpeg
DEBUG:root:./img_out/3_2_2_1_1/nature_1_r.jpeg
DEBUG:root:./img_out/3_2_2_1_1/art_7.jpeg
DEBUG:root:./img_out/3_2_2_1_1/art_7_r.jpeg
DEBUG:root:./img_out/3_2_2_1_1/nature_10.jpeg
DEBUG:root:./img_out/3_2_2_1_1/nature_10_r.jpeg
DEBUG:root:./img_out/3_2_2_1_1/art_10.jpeg
DEBUG:root:./img_out/3_2_2_1_1/art_10_r.jpeg
DEBUG:root:./img_out/3_2_2_1_1/portrait_2.jpeg
DEBUG:root:./img_out/3_2_2_1_1/portrait_2_r.jpeg
DEBUG:root:./img_out/3_2_2_1_1/portrait_9.jpeg
DEBUG:root:./img_out/3_2_2_1_1/portrait_9_r.jpeg
DEBUG:root:./img_out/3_2_2_1_1/portrait_5.jpeg
DEBUG:root:./img_out/3_2_2_1_1/portrait_5_r.jpeg
DEBUG:root:./img_out/3_2_2_1_1/nature_6.jpeg
DEBUG:root:./img_out/3_2_2_1_1/nature_6_r.jpeg
DEBUG:root:./img_out/3_2_2_1_1/nature_7.jpeg
DEBUG:root:./img_out/3_2_2_1_1/nature_7_r.jpeg
DEBUG:root:./img_out/3_2_2_1_1/art_1.jpeg
DEBUG:root:./img_out/3_2_2_1_1/art_1_r.jpeg
DEBUG:root:./img_out/3_2_2_1_1/portrait_4.jpeg
DEBUG:root:./img_out/3_2_2_1_1/portrait_4_r.jpeg
DEBUG:root:./img_out/3_2_2_1_1/portrait_8.jpeg
DEBUG:root:./img_out/3_2_2_1_1/portrait_8_r.jpeg
DEBUG:root:./img_out/3_2_2_1_1/nature_4.jpeg
DEBUG:root:./img_out/3_2_2_1_1/nature_4_r.jpeg
DEBUG:root:./img_out/3_2_2_1_1/art_2.jpeg
DEBUG:root:./img_out/3_2_2_1_1/art_2_r.jpeg
DEBUG:root:./img_out/3_2_2_1_1/portrait_7.jpeg
DEBUG:root:./img_out/3_2_2_1_1/portrait_7_r.jpeg
DEBUG:root:./img_out/3_2_2_1_1/portrait_6.jpeg
DEBUG:root:./img_out/3_2_2_1_1/portrait_6_r.jpeg
DEBUG:root:./img_out/3_2_2_1_1/art_3.jpeg
DEBUG:root:./img_out/3_2_2_1_1/art_3_r.jpeg
DEBUG:root:./img_out/3_2_2_1_1/nature_5.jpeg
DEBUG:root:./img_out/3_2_2_1_1/nature_5_r.jpeg
DEBUG:root:./img_out/3_2_2_1_1/nature_2.jpeg
DEBUG:root:./img_out/3_2_2_1_1/nature_2_r.jpeg
DEBUG:root:./img_out/3_2_2_1_1/nautre_8.jpeg
DEBUG:root:./img_out/3_2_2_1_1/nautre_8_r.jpeg
DEBUG:root:./img_out/3_2_2_1_1/art_4.jpeg
DEBUG:root:./img_out/3_2_2_1_1/art_4_r.jpeg
DEBUG:root:./img_out/3_2_2_1_1/portrait_1.jpeg
DEBUG:root:./img_out/3_2_2_1_1/portrait_1_r.jpeg
DEBUG:root:./img_out/3_2_2_1_1/art_8.jpeg
DEBUG:root:./img_out/3_2_2_1_1/art_8_r.jpeg
DEBUG:root:./img_out/3_2_2_1_1/portrait_10.jpeg
DEBUG:root:./img_out/3_2_2_1_1/portrait_10_r.jpeg
DEBUG:root:./img_out/3_2_2_1_1/art_9.jpeg
DEBUG:root:./img_out/3_2_2_1_1/art_9_r.jpeg
DEBUG:root:./img_out/3_2_2_1_1/art_5.jpeg
DEBUG:root:./img_out/3_2_2_1_1/art_5_r.jpeg
DEBUG:root:./img_out/3_2_2_1_1/nautre_9.jpeg
DEBUG:root:./img_out/3_2_2_1_1/nautre_9_r.jpeg
DEBUG:root:./img_out/3_2_2_1_1/nature_3.jpeg
DEBUG:root:./img_out/3_2_2_1_1/nature_3_r.jpeg
DEBUG:root:./img_out/3_2_2_1_1/portrait_3_3.jpeg
DEBUG:root:./img_out/3_2_2_1_1/portrait_3_r_3.jpeg
DEBUG:root:./img_out/3_2_2_1_1/art_6_3.jpeg
DEBUG:root:./img_out/3_2_2_1_1/art_6_r_3.jpeg
DEBUG:root:./img_out/3_2_2_1_1/nature_1_3.jpeg
DEBUG:root:./img_out/3_2_2_1_1/nature_1_r_3.jpeg
DEBUG:root:./img_out/3_2_2_1_1/art_7_3.jpeg
DEBUG:root:./img_out/3_2_2_1_1/art_7_r_3.jpeg
DEBUG:root:./img_out/3_2_2_1_1/nature_10_3.jpeg
DEBUG:root:./img_out/3_2_2_1_1/nature_10_r_3.jpeg
DEBUG:root:./img_out/3_2_2_1_1/art_10_3.jpeg
DEBUG:root:./img_out/3_2_2_1_1/art_10_r_3.jpeg
DEBUG:root:./img_out/3_2_2_1_1/portrait_2_3.jpeg
DEBUG:root:./img_out/3_2_2_1_1/portrait_2_r_3.jpeg
DEBUG:root:./img_out/3_2_2_1_1/portrait_9_3.jpeg
DEBUG:root:./img_out/3_2_2_1_1/portrait_9_r_3.jpeg
DEBUG:root:./img_out/3_2_2_1_1/portrait_5_3.jpeg
DEBUG:root:./img_out/3_2_2_1_1/portrait_5_r_3.jpeg
DEBUG:root:./img_out/3_2_2_1_1/nature_6_3.jpeg
DEBUG:root:./img_out/3_2_2_1_1/nature_6_r_3.jpeg
DEBUG:root:./img_out/3_2_2_1_1/nature_7_3.jpeg
DEBUG:root:./img_out/3_2_2_1_1/nature_7_r_3.jpeg
DEBUG:root:./img_out/3_2_2_1_1/art_1_3.jpeg
DEBUG:root:./img_out/3_2_2_1_1/art_1_r_3.jpeg
DEBUG:root:./img_out/3_2_2_1_1/portrait_4_3.jpeg
DEBUG:root:./img_out/3_2_2_1_1/portrait_4_r_3.jpeg
DEBUG:root:./img_out/3_2_2_1_1/portrait_8_3.jpeg
DEBUG:root:./img_out/3_2_2_1_1/portrait_8_r_3.jpeg
DEBUG:root:./img_out/3_2_2_1_1/nature_4_3.jpeg
DEBUG:root:./img_out/3_2_2_1_1/nature_4_r_3.jpeg
DEBUG:root:./img_out/3_2_2_1_1/art_2_3.jpeg
DEBUG:root:./img_out/3_2_2_1_1/art_2_r_3.jpeg
DEBUG:root:./img_out/3_2_2_1_1/portrait_7_3.jpeg
DEBUG:root:./img_out/3_2_2_1_1/portrait_7_r_3.jpeg
DEBUG:root:./img_out/3_2_2_1_1/portrait_6_3.jpeg
DEBUG:root:./img_out/3_2_2_1_1/portrait_6_r_3.jpeg
DEBUG:root:./img_out/3_2_2_1_1/art_3_3.jpeg
DEBUG:root:./img_out/3_2_2_1_1/art_3_r_3.jpeg
DEBUG:root:./img_out/3_2_2_1_1/nature_5_3.jpeg
DEBUG:root:./img_out/3_2_2_1_1/nature_5_r_3.jpeg
DEBUG:root:./img_out/3_2_2_1_1/nature_2_3.jpeg
DEBUG:root:./img_out/3_2_2_1_1/nature_2_r_3.jpeg
DEBUG:root:./img_out/3_2_2_1_1/nautre_8_3.jpeg
DEBUG:root:./img_out/3_2_2_1_1/nautre_8_r_3.jpeg
DEBUG:root:./img_out/3_2_2_1_1/art_4_3.jpeg
DEBUG:root:./img_out/3_2_2_1_1/art_4_r_3.jpeg
DEBUG:root:./img_out/3_2_2_1_1/portrait_1_3.jpeg
DEBUG:root:./img_out/3_2_2_1_1/portrait_1_r_3.jpeg
DEBUG:root:./img_out/3_2_2_1_1/art_8_3.jpeg
DEBUG:root:./img_out/3_2_2_1_1/art_8_r_3.jpeg
DEBUG:root:./img_out/3_2_2_1_1/portrait_10_3.jpeg
DEBUG:root:./img_out/3_2_2_1_1/portrait_10_r_3.jpeg
DEBUG:root:./img_out/3_2_2_1_1/art_9_3.jpeg
DEBUG:root:./img_out/3_2_2_1_1/art_9_r_3.jpeg
DEBUG:root:./img_out/3_2_2_1_1/art_5_3.jpeg
DEBUG:root:./img_out/3_2_2_1_1/art_5_r_3.jpeg
DEBUG:root:./img_out/3_2_2_1_1/nautre_9_3.jpeg
DEBUG:root:./img_out/3_2_2_1_1/nautre_9_r_3.jpeg
DEBUG:root:./img_out/3_2_2_1_1/nature_3_3.jpeg
DEBUG:root:./img_out/3_2_2_1_1/nature_3_r_3.jpeg
DEBUG:root:./img_out/3_2_2_1_1/portrait_3_2.jpeg
DEBUG:root:./img_out/3_2_2_1_1/portrait_3_r_2.jpeg
DEBUG:root:./img_out/3_2_2_1_1/art_6_2.jpeg
DEBUG:root:./img_out/3_2_2_1_1/art_6_r_2.jpeg
DEBUG:root:./img_out/3_2_2_1_1/nature_1_2.jpeg
DEBUG:root:./img_out/3_2_2_1_1/nature_1_r_2.jpeg
DEBUG:root:./img_out/3_2_2_1_1/art_7_2.jpeg
DEBUG:root:./img_out/3_2_2_1_1/art_7_r_2.jpeg
DEBUG:root:./img_out/3_2_2_1_1/nature_10_2.jpeg
DEBUG:root:./img_out/3_2_2_1_1/nature_10_r_2.jpeg
DEBUG:root:./img_out/3_2_2_1_1/art_10_2.jpeg
DEBUG:root:./img_out/3_2_2_1_1/art_10_r_2.jpeg
DEBUG:root:./img_out/3_2_2_1_1/portrait_2_2.jpeg
DEBUG:root:./img_out/3_2_2_1_1/portrait_2_r_2.jpeg
DEBUG:root:./img_out/3_2_2_1_1/portrait_9_2.jpeg
DEBUG:root:./img_out/3_2_2_1_1/portrait_9_r_2.jpeg
DEBUG:root:./img_out/3_2_2_1_1/portrait_5_2.jpeg
DEBUG:root:./img_out/3_2_2_1_1/portrait_5_r_2.jpeg
DEBUG:root:./img_out/3_2_2_1_1/nature_6_2.jpeg
DEBUG:root:./img_out/3_2_2_1_1/nature_6_r_2.jpeg
DEBUG:root:./img_out/3_2_2_1_1/nature_7_2.jpeg
DEBUG:root:./img_out/3_2_2_1_1/nature_7_r_2.jpeg
DEBUG:root:./img_out/3_2_2_1_1/art_1_2.jpeg
DEBUG:root:./img_out/3_2_2_1_1/art_1_r_2.jpeg
DEBUG:root:./img_out/3_2_2_1_1/portrait_4_2.jpeg
DEBUG:root:./img_out/3_2_2_1_1/portrait_4_r_2.jpeg
DEBUG:root:./img_out/3_2_2_1_1/portrait_8_2.jpeg
DEBUG:root:./img_out/3_2_2_1_1/portrait_8_r_2.jpeg
DEBUG:root:./img_out/3_2_2_1_1/nature_4_2.jpeg
DEBUG:root:./img_out/3_2_2_1_1/nature_4_r_2.jpeg
DEBUG:root:./img_out/3_2_2_1_1/art_2_2.jpeg
DEBUG:root:./img_out/3_2_2_1_1/art_2_r_2.jpeg
DEBUG:root:./img_out/3_2_2_1_1/portrait_7_2.jpeg
DEBUG:root:./img_out/3_2_2_1_1/portrait_7_r_2.jpeg
DEBUG:root:./img_out/3_2_2_1_1/portrait_6_2.jpeg
DEBUG:root:./img_out/3_2_2_1_1/portrait_6_r_2.jpeg
DEBUG:root:./img_out/3_2_2_1_1/art_3_2.jpeg
DEBUG:root:./img_out/3_2_2_1_1/art_3_r_2.jpeg
DEBUG:root:./img_out/3_2_2_1_1/nature_5_2.jpeg
DEBUG:root:./img_out/3_2_2_1_1/nature_5_r_2.jpeg
DEBUG:root:./img_out/3_2_2_1_1/nature_2_2.jpeg
DEBUG:root:./img_out/3_2_2_1_1/nature_2_r_2.jpeg
DEBUG:root:./img_out/3_2_2_1_1/nautre_8_2.jpeg
DEBUG:root:./img_out/3_2_2_1_1/nautre_8_r_2.jpeg
DEBUG:root:./img_out/3_2_2_1_1/art_4_2.jpeg
DEBUG:root:./img_out/3_2_2_1_1/art_4_r_2.jpeg
DEBUG:root:./img_out/3_2_2_1_1/portrait_1_2.jpeg
DEBUG:root:./img_out/3_2_2_1_1/portrait_1_r_2.jpeg
DEBUG:root:./img_out/3_2_2_1_1/art_8_2.jpeg
DEBUG:root:./img_out/3_2_2_1_1/art_8_r_2.jpeg
DEBUG:root:./img_out/3_2_2_1_1/portrait_10_2.jpeg
DEBUG:root:./img_out/3_2_2_1_1/portrait_10_r_2.jpeg
DEBUG:root:./img_out/3_2_2_1_1/art_9_2.jpeg
DEBUG:root:./img_out/3_2_2_1_1/art_9_r_2.jpeg
DEBUG:root:./img_out/3_2_2_1_1/art_5_2.jpeg
DEBUG:root:./img_out/3_2_2_1_1/art_5_r_2.jpeg
DEBUG:root:./img_out/3_2_2_1_1/nautre_9_2.jpeg
DEBUG:root:./img_out/3_2_2_1_1/nautre_9_r_2.jpeg
DEBUG:root:./img_out/3_2_2_1_1/nature_3_2.jpeg
DEBUG:root:./img_out/3_2_2_1_1/nature_3_r_2.jpeg
DEBUG:root:./img_out/3_2_2_1_1/portrait_3_1.jpeg
DEBUG:root:./img_out/3_2_2_1_1/portrait_3_r_1.jpeg
DEBUG:root:./img_out/3_2_2_1_1/art_6_1.jpeg
DEBUG:root:./img_out/3_2_2_1_1/art_6_r_1.jpeg
DEBUG:root:./img_out/3_2_2_1_1/nature_1_1.jpeg
DEBUG:root:./img_out/3_2_2_1_1/nature_1_r_1.jpeg
DEBUG:root:./img_out/3_2_2_1_1/art_7_1.jpeg
DEBUG:root:./img_out/3_2_2_1_1/art_7_r_1.jpeg
DEBUG:root:./img_out/3_2_2_1_1/nature_10_1.jpeg
DEBUG:root:./img_out/3_2_2_1_1/nature_10_r_1.jpeg
DEBUG:root:./img_out/3_2_2_1_1/art_10_1.jpeg
DEBUG:root:./img_out/3_2_2_1_1/art_10_r_1.jpeg
DEBUG:root:./img_out/3_2_2_1_1/portrait_2_1.jpeg
DEBUG:root:./img_out/3_2_2_1_1/portrait_2_r_1.jpeg
DEBUG:root:./img_out/3_2_2_1_1/portrait_9_1.jpeg
DEBUG:root:./img_out/3_2_2_1_1/portrait_9_r_1.jpeg
DEBUG:root:./img_out/3_2_2_1_1/portrait_5_1.jpeg
DEBUG:root:./img_out/3_2_2_1_1/portrait_5_r_1.jpeg
DEBUG:root:./img_out/3_2_2_1_1/nature_6_1.jpeg
DEBUG:root:./img_out/3_2_2_1_1/nature_6_r_1.jpeg
DEBUG:root:./img_out/3_2_2_1_1/nature_7_1.jpeg
DEBUG:root:./img_out/3_2_2_1_1/nature_7_r_1.jpeg
DEBUG:root:./img_out/3_2_2_1_1/art_1_1.jpeg
DEBUG:root:./img_out/3_2_2_1_1/art_1_r_1.jpeg
DEBUG:root:./img_out/3_2_2_1_1/portrait_4_1.jpeg
DEBUG:root:./img_out/3_2_2_1_1/portrait_4_r_1.jpeg
DEBUG:root:./img_out/3_2_2_1_1/portrait_8_1.jpeg
DEBUG:root:./img_out/3_2_2_1_1/portrait_8_r_1.jpeg
DEBUG:root:./img_out/3_2_2_1_1/nature_4_1.jpeg
DEBUG:root:./img_out/3_2_2_1_1/nature_4_r_1.jpeg
DEBUG:root:./img_out/3_2_2_1_1/art_2_1.jpeg
DEBUG:root:./img_out/3_2_2_1_1/art_2_r_1.jpeg
DEBUG:root:./img_out/3_2_2_1_1/portrait_7_1.jpeg
DEBUG:root:./img_out/3_2_2_1_1/portrait_7_r_1.jpeg
DEBUG:root:./img_out/3_2_2_1_1/portrait_6_1.jpeg
DEBUG:root:./img_out/3_2_2_1_1/portrait_6_r_1.jpeg
DEBUG:root:./img_out/3_2_2_1_1/art_3_1.jpeg
DEBUG:root:./img_out/3_2_2_1_1/art_3_r_1.jpeg
DEBUG:root:./img_out/3_2_2_1_1/nature_5_1.jpeg
DEBUG:root:./img_out/3_2_2_1_1/nature_5_r_1.jpeg
DEBUG:root:./img_out/3_2_2_1_1/nature_2_1.jpeg
DEBUG:root:./img_out/3_2_2_1_1/nature_2_r_1.jpeg
DEBUG:root:./img_out/3_2_2_1_1/nautre_8_1.jpeg
DEBUG:root:./img_out/3_2_2_1_1/nautre_8_r_1.jpeg
DEBUG:root:./img_out/3_2_2_1_1/art_4_1.jpeg
DEBUG:root:./img_out/3_2_2_1_1/art_4_r_1.jpeg
DEBUG:root:./img_out/3_2_2_1_1/portrait_1_1.jpeg
DEBUG:root:./img_out/3_2_2_1_1/portrait_1_r_1.jpeg
DEBUG:root:./img_out/3_2_2_1_1/art_8_1.jpeg
DEBUG:root:./img_out/3_2_2_1_1/art_8_r_1.jpeg
DEBUG:root:./img_out/3_2_2_1_1/portrait_10_1.jpeg
DEBUG:root:./img_out/3_2_2_1_1/portrait_10_r_1.jpeg
DEBUG:root:./img_out/3_2_2_1_1/art_9_1.jpeg
DEBUG:root:./img_out/3_2_2_1_1/art_9_r_1.jpeg
DEBUG:root:./img_out/3_2_2_1_1/art_5_1.jpeg
DEBUG:root:./img_out/3_2_2_1_1/art_5_r_1.jpeg
DEBUG:root:./img_out/3_2_2_1_1/nautre_9_1.jpeg
DEBUG:root:./img_out/3_2_2_1_1/nautre_9_r_1.jpeg
DEBUG:root:./img_out/3_2_2_1_1/nature_3_1.jpeg
DEBUG:root:./img_out/3_2_2_1_1/nature_3_r_1.jpeg
DEBUG:root:pre: [0.  0.5 1.  1.5 2. ]
DEBUG:root:sigmas: [7 4 3 2 1]
DEBUG:root:sigmas_str: 7_4_3_2_1
DEBUG:root:saved files
DEBUG:root:./img_out/7_4_3_2_1/portrait_3.jpeg
DEBUG:root:./img_out/7_4_3_2_1/portrait_3_r.jpeg
DEBUG:root:./img_out/7_4_3_2_1/art_6.jpeg
DEBUG:root:./img_out/7_4_3_2_1/art_6_r.jpeg
DEBUG:root:./img_out/7_4_3_2_1/nature_1.jpeg
DEBUG:root:./img_out/7_4_3_2_1/nature_1_r.jpeg
DEBUG:root:./img_out/7_4_3_2_1/art_7.jpeg
DEBUG:root:./img_out/7_4_3_2_1/art_7_r.jpeg
DEBUG:root:./img_out/7_4_3_2_1/nature_10.jpeg
DEBUG:root:./img_out/7_4_3_2_1/nature_10_r.jpeg
DEBUG:root:./img_out/7_4_3_2_1/art_10.jpeg
DEBUG:root:./img_out/7_4_3_2_1/art_10_r.jpeg
DEBUG:root:./img_out/7_4_3_2_1/portrait_2.jpeg
DEBUG:root:./img_out/7_4_3_2_1/portrait_2_r.jpeg
DEBUG:root:./img_out/7_4_3_2_1/portrait_9.jpeg
DEBUG:root:./img_out/7_4_3_2_1/portrait_9_r.jpeg
DEBUG:root:./img_out/7_4_3_2_1/portrait_5.jpeg
DEBUG:root:./img_out/7_4_3_2_1/portrait_5_r.jpeg
DEBUG:root:./img_out/7_4_3_2_1/nature_6.jpeg
DEBUG:root:./img_out/7_4_3_2_1/nature_6_r.jpeg
DEBUG:root:./img_out/7_4_3_2_1/nature_7.jpeg
DEBUG:root:./img_out/7_4_3_2_1/nature_7_r.jpeg
DEBUG:root:./img_out/7_4_3_2_1/art_1.jpeg
DEBUG:root:./img_out/7_4_3_2_1/art_1_r.jpeg
DEBUG:root:./img_out/7_4_3_2_1/portrait_4.jpeg
DEBUG:root:./img_out/7_4_3_2_1/portrait_4_r.jpeg
DEBUG:root:./img_out/7_4_3_2_1/portrait_8.jpeg
DEBUG:root:./img_out/7_4_3_2_1/portrait_8_r.jpeg
DEBUG:root:./img_out/7_4_3_2_1/nature_4.jpeg
DEBUG:root:./img_out/7_4_3_2_1/nature_4_r.jpeg
DEBUG:root:./img_out/7_4_3_2_1/art_2.jpeg
DEBUG:root:./img_out/7_4_3_2_1/art_2_r.jpeg
DEBUG:root:./img_out/7_4_3_2_1/portrait_7.jpeg
DEBUG:root:./img_out/7_4_3_2_1/portrait_7_r.jpeg
DEBUG:root:./img_out/7_4_3_2_1/portrait_6.jpeg
DEBUG:root:./img_out/7_4_3_2_1/portrait_6_r.jpeg
DEBUG:root:./img_out/7_4_3_2_1/art_3.jpeg
DEBUG:root:./img_out/7_4_3_2_1/art_3_r.jpeg
DEBUG:root:./img_out/7_4_3_2_1/nature_5.jpeg
DEBUG:root:./img_out/7_4_3_2_1/nature_5_r.jpeg
DEBUG:root:./img_out/7_4_3_2_1/nature_2.jpeg
DEBUG:root:./img_out/7_4_3_2_1/nature_2_r.jpeg
DEBUG:root:./img_out/7_4_3_2_1/nautre_8.jpeg
DEBUG:root:./img_out/7_4_3_2_1/nautre_8_r.jpeg
DEBUG:root:./img_out/7_4_3_2_1/art_4.jpeg
DEBUG:root:./img_out/7_4_3_2_1/art_4_r.jpeg
DEBUG:root:./img_out/7_4_3_2_1/portrait_1.jpeg
DEBUG:root:./img_out/7_4_3_2_1/portrait_1_r.jpeg
DEBUG:root:./img_out/7_4_3_2_1/art_8.jpeg
DEBUG:root:./img_out/7_4_3_2_1/art_8_r.jpeg
DEBUG:root:./img_out/7_4_3_2_1/portrait_10.jpeg
DEBUG:root:./img_out/7_4_3_2_1/portrait_10_r.jpeg
DEBUG:root:./img_out/7_4_3_2_1/art_9.jpeg
DEBUG:root:./img_out/7_4_3_2_1/art_9_r.jpeg
DEBUG:root:./img_out/7_4_3_2_1/art_5.jpeg
DEBUG:root:./img_out/7_4_3_2_1/art_5_r.jpeg
DEBUG:root:./img_out/7_4_3_2_1/nautre_9.jpeg
DEBUG:root:./img_out/7_4_3_2_1/nautre_9_r.jpeg
DEBUG:root:./img_out/7_4_3_2_1/nature_3.jpeg
DEBUG:root:./img_out/7_4_3_2_1/nature_3_r.jpeg
DEBUG:root:./img_out/7_4_3_2_1/portrait_3_7.jpeg
DEBUG:root:./img_out/7_4_3_2_1/portrait_3_r_7.jpeg
DEBUG:root:./img_out/7_4_3_2_1/art_6_7.jpeg
DEBUG:root:./img_out/7_4_3_2_1/art_6_r_7.jpeg
DEBUG:root:./img_out/7_4_3_2_1/nature_1_7.jpeg
DEBUG:root:./img_out/7_4_3_2_1/nature_1_r_7.jpeg
DEBUG:root:./img_out/7_4_3_2_1/art_7_7.jpeg
DEBUG:root:./img_out/7_4_3_2_1/art_7_r_7.jpeg
DEBUG:root:./img_out/7_4_3_2_1/nature_10_7.jpeg
DEBUG:root:./img_out/7_4_3_2_1/nature_10_r_7.jpeg
DEBUG:root:./img_out/7_4_3_2_1/art_10_7.jpeg
DEBUG:root:./img_out/7_4_3_2_1/art_10_r_7.jpeg
DEBUG:root:./img_out/7_4_3_2_1/portrait_2_7.jpeg
DEBUG:root:./img_out/7_4_3_2_1/portrait_2_r_7.jpeg
DEBUG:root:./img_out/7_4_3_2_1/portrait_9_7.jpeg
DEBUG:root:./img_out/7_4_3_2_1/portrait_9_r_7.jpeg
DEBUG:root:./img_out/7_4_3_2_1/portrait_5_7.jpeg
DEBUG:root:./img_out/7_4_3_2_1/portrait_5_r_7.jpeg
DEBUG:root:./img_out/7_4_3_2_1/nature_6_7.jpeg
DEBUG:root:./img_out/7_4_3_2_1/nature_6_r_7.jpeg
DEBUG:root:./img_out/7_4_3_2_1/nature_7_7.jpeg
DEBUG:root:./img_out/7_4_3_2_1/nature_7_r_7.jpeg
DEBUG:root:./img_out/7_4_3_2_1/art_1_7.jpeg
DEBUG:root:./img_out/7_4_3_2_1/art_1_r_7.jpeg
DEBUG:root:./img_out/7_4_3_2_1/portrait_4_7.jpeg
DEBUG:root:./img_out/7_4_3_2_1/portrait_4_r_7.jpeg
DEBUG:root:./img_out/7_4_3_2_1/portrait_8_7.jpeg
DEBUG:root:./img_out/7_4_3_2_1/portrait_8_r_7.jpeg
DEBUG:root:./img_out/7_4_3_2_1/nature_4_7.jpeg
DEBUG:root:./img_out/7_4_3_2_1/nature_4_r_7.jpeg
DEBUG:root:./img_out/7_4_3_2_1/art_2_7.jpeg
DEBUG:root:./img_out/7_4_3_2_1/art_2_r_7.jpeg
DEBUG:root:./img_out/7_4_3_2_1/portrait_7_7.jpeg
DEBUG:root:./img_out/7_4_3_2_1/portrait_7_r_7.jpeg
DEBUG:root:./img_out/7_4_3_2_1/portrait_6_7.jpeg
DEBUG:root:./img_out/7_4_3_2_1/portrait_6_r_7.jpeg
DEBUG:root:./img_out/7_4_3_2_1/art_3_7.jpeg
DEBUG:root:./img_out/7_4_3_2_1/art_3_r_7.jpeg
DEBUG:root:./img_out/7_4_3_2_1/nature_5_7.jpeg
DEBUG:root:./img_out/7_4_3_2_1/nature_5_r_7.jpeg
DEBUG:root:./img_out/7_4_3_2_1/nature_2_7.jpeg
DEBUG:root:./img_out/7_4_3_2_1/nature_2_r_7.jpeg
DEBUG:root:./img_out/7_4_3_2_1/nautre_8_7.jpeg
DEBUG:root:./img_out/7_4_3_2_1/nautre_8_r_7.jpeg
DEBUG:root:./img_out/7_4_3_2_1/art_4_7.jpeg
DEBUG:root:./img_out/7_4_3_2_1/art_4_r_7.jpeg
DEBUG:root:./img_out/7_4_3_2_1/portrait_1_7.jpeg
DEBUG:root:./img_out/7_4_3_2_1/portrait_1_r_7.jpeg
DEBUG:root:./img_out/7_4_3_2_1/art_8_7.jpeg
DEBUG:root:./img_out/7_4_3_2_1/art_8_r_7.jpeg
DEBUG:root:./img_out/7_4_3_2_1/portrait_10_7.jpeg
DEBUG:root:./img_out/7_4_3_2_1/portrait_10_r_7.jpeg
DEBUG:root:./img_out/7_4_3_2_1/art_9_7.jpeg
DEBUG:root:./img_out/7_4_3_2_1/art_9_r_7.jpeg
DEBUG:root:./img_out/7_4_3_2_1/art_5_7.jpeg
DEBUG:root:./img_out/7_4_3_2_1/art_5_r_7.jpeg
DEBUG:root:./img_out/7_4_3_2_1/nautre_9_7.jpeg
DEBUG:root:./img_out/7_4_3_2_1/nautre_9_r_7.jpeg
DEBUG:root:./img_out/7_4_3_2_1/nature_3_7.jpeg
DEBUG:root:./img_out/7_4_3_2_1/nature_3_r_7.jpeg
DEBUG:root:./img_out/7_4_3_2_1/portrait_3_4.jpeg
DEBUG:root:./img_out/7_4_3_2_1/portrait_3_r_4.jpeg
DEBUG:root:./img_out/7_4_3_2_1/art_6_4.jpeg
DEBUG:root:./img_out/7_4_3_2_1/art_6_r_4.jpeg
DEBUG:root:./img_out/7_4_3_2_1/nature_1_4.jpeg
DEBUG:root:./img_out/7_4_3_2_1/nature_1_r_4.jpeg
DEBUG:root:./img_out/7_4_3_2_1/art_7_4.jpeg
DEBUG:root:./img_out/7_4_3_2_1/art_7_r_4.jpeg
DEBUG:root:./img_out/7_4_3_2_1/nature_10_4.jpeg
DEBUG:root:./img_out/7_4_3_2_1/nature_10_r_4.jpeg
DEBUG:root:./img_out/7_4_3_2_1/art_10_4.jpeg
DEBUG:root:./img_out/7_4_3_2_1/art_10_r_4.jpeg
DEBUG:root:./img_out/7_4_3_2_1/portrait_2_4.jpeg
DEBUG:root:./img_out/7_4_3_2_1/portrait_2_r_4.jpeg
DEBUG:root:./img_out/7_4_3_2_1/portrait_9_4.jpeg
DEBUG:root:./img_out/7_4_3_2_1/portrait_9_r_4.jpeg
DEBUG:root:./img_out/7_4_3_2_1/portrait_5_4.jpeg
DEBUG:root:./img_out/7_4_3_2_1/portrait_5_r_4.jpeg
DEBUG:root:./img_out/7_4_3_2_1/nature_6_4.jpeg
DEBUG:root:./img_out/7_4_3_2_1/nature_6_r_4.jpeg
DEBUG:root:./img_out/7_4_3_2_1/nature_7_4.jpeg
DEBUG:root:./img_out/7_4_3_2_1/nature_7_r_4.jpeg
DEBUG:root:./img_out/7_4_3_2_1/art_1_4.jpeg
DEBUG:root:./img_out/7_4_3_2_1/art_1_r_4.jpeg
DEBUG:root:./img_out/7_4_3_2_1/portrait_4_4.jpeg
DEBUG:root:./img_out/7_4_3_2_1/portrait_4_r_4.jpeg
DEBUG:root:./img_out/7_4_3_2_1/portrait_8_4.jpeg
DEBUG:root:./img_out/7_4_3_2_1/portrait_8_r_4.jpeg
DEBUG:root:./img_out/7_4_3_2_1/nature_4_4.jpeg
DEBUG:root:./img_out/7_4_3_2_1/nature_4_r_4.jpeg
DEBUG:root:./img_out/7_4_3_2_1/art_2_4.jpeg
DEBUG:root:./img_out/7_4_3_2_1/art_2_r_4.jpeg
DEBUG:root:./img_out/7_4_3_2_1/portrait_7_4.jpeg
DEBUG:root:./img_out/7_4_3_2_1/portrait_7_r_4.jpeg
DEBUG:root:./img_out/7_4_3_2_1/portrait_6_4.jpeg
DEBUG:root:./img_out/7_4_3_2_1/portrait_6_r_4.jpeg
DEBUG:root:./img_out/7_4_3_2_1/art_3_4.jpeg
DEBUG:root:./img_out/7_4_3_2_1/art_3_r_4.jpeg
DEBUG:root:./img_out/7_4_3_2_1/nature_5_4.jpeg
DEBUG:root:./img_out/7_4_3_2_1/nature_5_r_4.jpeg
DEBUG:root:./img_out/7_4_3_2_1/nature_2_4.jpeg
DEBUG:root:./img_out/7_4_3_2_1/nature_2_r_4.jpeg
DEBUG:root:./img_out/7_4_3_2_1/nautre_8_4.jpeg
DEBUG:root:./img_out/7_4_3_2_1/nautre_8_r_4.jpeg
DEBUG:root:./img_out/7_4_3_2_1/art_4_4.jpeg
DEBUG:root:./img_out/7_4_3_2_1/art_4_r_4.jpeg
DEBUG:root:./img_out/7_4_3_2_1/portrait_1_4.jpeg
DEBUG:root:./img_out/7_4_3_2_1/portrait_1_r_4.jpeg
DEBUG:root:./img_out/7_4_3_2_1/art_8_4.jpeg
DEBUG:root:./img_out/7_4_3_2_1/art_8_r_4.jpeg
DEBUG:root:./img_out/7_4_3_2_1/portrait_10_4.jpeg
DEBUG:root:./img_out/7_4_3_2_1/portrait_10_r_4.jpeg
DEBUG:root:./img_out/7_4_3_2_1/art_9_4.jpeg
DEBUG:root:./img_out/7_4_3_2_1/art_9_r_4.jpeg
DEBUG:root:./img_out/7_4_3_2_1/art_5_4.jpeg
DEBUG:root:./img_out/7_4_3_2_1/art_5_r_4.jpeg
DEBUG:root:./img_out/7_4_3_2_1/nautre_9_4.jpeg
DEBUG:root:./img_out/7_4_3_2_1/nautre_9_r_4.jpeg
DEBUG:root:./img_out/7_4_3_2_1/nature_3_4.jpeg
DEBUG:root:./img_out/7_4_3_2_1/nature_3_r_4.jpeg
DEBUG:root:./img_out/7_4_3_2_1/portrait_3_3.jpeg
DEBUG:root:./img_out/7_4_3_2_1/portrait_3_r_3.jpeg
DEBUG:root:./img_out/7_4_3_2_1/art_6_3.jpeg
DEBUG:root:./img_out/7_4_3_2_1/art_6_r_3.jpeg
DEBUG:root:./img_out/7_4_3_2_1/nature_1_3.jpeg
DEBUG:root:./img_out/7_4_3_2_1/nature_1_r_3.jpeg
DEBUG:root:./img_out/7_4_3_2_1/art_7_3.jpeg
DEBUG:root:./img_out/7_4_3_2_1/art_7_r_3.jpeg
DEBUG:root:./img_out/7_4_3_2_1/nature_10_3.jpeg
DEBUG:root:./img_out/7_4_3_2_1/nature_10_r_3.jpeg
DEBUG:root:./img_out/7_4_3_2_1/art_10_3.jpeg
DEBUG:root:./img_out/7_4_3_2_1/art_10_r_3.jpeg
DEBUG:root:./img_out/7_4_3_2_1/portrait_2_3.jpeg
DEBUG:root:./img_out/7_4_3_2_1/portrait_2_r_3.jpeg
DEBUG:root:./img_out/7_4_3_2_1/portrait_9_3.jpeg
DEBUG:root:./img_out/7_4_3_2_1/portrait_9_r_3.jpeg
DEBUG:root:./img_out/7_4_3_2_1/portrait_5_3.jpeg
DEBUG:root:./img_out/7_4_3_2_1/portrait_5_r_3.jpeg
DEBUG:root:./img_out/7_4_3_2_1/nature_6_3.jpeg
DEBUG:root:./img_out/7_4_3_2_1/nature_6_r_3.jpeg
DEBUG:root:./img_out/7_4_3_2_1/nature_7_3.jpeg
DEBUG:root:./img_out/7_4_3_2_1/nature_7_r_3.jpeg
DEBUG:root:./img_out/7_4_3_2_1/art_1_3.jpeg
DEBUG:root:./img_out/7_4_3_2_1/art_1_r_3.jpeg
DEBUG:root:./img_out/7_4_3_2_1/portrait_4_3.jpeg
DEBUG:root:./img_out/7_4_3_2_1/portrait_4_r_3.jpeg
DEBUG:root:./img_out/7_4_3_2_1/portrait_8_3.jpeg
DEBUG:root:./img_out/7_4_3_2_1/portrait_8_r_3.jpeg
DEBUG:root:./img_out/7_4_3_2_1/nature_4_3.jpeg
DEBUG:root:./img_out/7_4_3_2_1/nature_4_r_3.jpeg
DEBUG:root:./img_out/7_4_3_2_1/art_2_3.jpeg
DEBUG:root:./img_out/7_4_3_2_1/art_2_r_3.jpeg
DEBUG:root:./img_out/7_4_3_2_1/portrait_7_3.jpeg
DEBUG:root:./img_out/7_4_3_2_1/portrait_7_r_3.jpeg
DEBUG:root:./img_out/7_4_3_2_1/portrait_6_3.jpeg
DEBUG:root:./img_out/7_4_3_2_1/portrait_6_r_3.jpeg
DEBUG:root:./img_out/7_4_3_2_1/art_3_3.jpeg
DEBUG:root:./img_out/7_4_3_2_1/art_3_r_3.jpeg
DEBUG:root:./img_out/7_4_3_2_1/nature_5_3.jpeg
DEBUG:root:./img_out/7_4_3_2_1/nature_5_r_3.jpeg
DEBUG:root:./img_out/7_4_3_2_1/nature_2_3.jpeg
DEBUG:root:./img_out/7_4_3_2_1/nature_2_r_3.jpeg
DEBUG:root:./img_out/7_4_3_2_1/nautre_8_3.jpeg
DEBUG:root:./img_out/7_4_3_2_1/nautre_8_r_3.jpeg
DEBUG:root:./img_out/7_4_3_2_1/art_4_3.jpeg
DEBUG:root:./img_out/7_4_3_2_1/art_4_r_3.jpeg
DEBUG:root:./img_out/7_4_3_2_1/portrait_1_3.jpeg
DEBUG:root:./img_out/7_4_3_2_1/portrait_1_r_3.jpeg
DEBUG:root:./img_out/7_4_3_2_1/art_8_3.jpeg
DEBUG:root:./img_out/7_4_3_2_1/art_8_r_3.jpeg
DEBUG:root:./img_out/7_4_3_2_1/portrait_10_3.jpeg
DEBUG:root:./img_out/7_4_3_2_1/portrait_10_r_3.jpeg
DEBUG:root:./img_out/7_4_3_2_1/art_9_3.jpeg
DEBUG:root:./img_out/7_4_3_2_1/art_9_r_3.jpeg
DEBUG:root:./img_out/7_4_3_2_1/art_5_3.jpeg
DEBUG:root:./img_out/7_4_3_2_1/art_5_r_3.jpeg
DEBUG:root:./img_out/7_4_3_2_1/nautre_9_3.jpeg
DEBUG:root:./img_out/7_4_3_2_1/nautre_9_r_3.jpeg
DEBUG:root:./img_out/7_4_3_2_1/nature_3_3.jpeg
DEBUG:root:./img_out/7_4_3_2_1/nature_3_r_3.jpeg
DEBUG:root:./img_out/7_4_3_2_1/portrait_3_2.jpeg
DEBUG:root:./img_out/7_4_3_2_1/portrait_3_r_2.jpeg
DEBUG:root:./img_out/7_4_3_2_1/art_6_2.jpeg
DEBUG:root:./img_out/7_4_3_2_1/art_6_r_2.jpeg
DEBUG:root:./img_out/7_4_3_2_1/nature_1_2.jpeg
DEBUG:root:./img_out/7_4_3_2_1/nature_1_r_2.jpeg
DEBUG:root:./img_out/7_4_3_2_1/art_7_2.jpeg
DEBUG:root:./img_out/7_4_3_2_1/art_7_r_2.jpeg
DEBUG:root:./img_out/7_4_3_2_1/nature_10_2.jpeg
DEBUG:root:./img_out/7_4_3_2_1/nature_10_r_2.jpeg
DEBUG:root:./img_out/7_4_3_2_1/art_10_2.jpeg
DEBUG:root:./img_out/7_4_3_2_1/art_10_r_2.jpeg
DEBUG:root:./img_out/7_4_3_2_1/portrait_2_2.jpeg
DEBUG:root:./img_out/7_4_3_2_1/portrait_2_r_2.jpeg
DEBUG:root:./img_out/7_4_3_2_1/portrait_9_2.jpeg
DEBUG:root:./img_out/7_4_3_2_1/portrait_9_r_2.jpeg
DEBUG:root:./img_out/7_4_3_2_1/portrait_5_2.jpeg
DEBUG:root:./img_out/7_4_3_2_1/portrait_5_r_2.jpeg
DEBUG:root:./img_out/7_4_3_2_1/nature_6_2.jpeg
DEBUG:root:./img_out/7_4_3_2_1/nature_6_r_2.jpeg
DEBUG:root:./img_out/7_4_3_2_1/nature_7_2.jpeg
DEBUG:root:./img_out/7_4_3_2_1/nature_7_r_2.jpeg
DEBUG:root:./img_out/7_4_3_2_1/art_1_2.jpeg
DEBUG:root:./img_out/7_4_3_2_1/art_1_r_2.jpeg
DEBUG:root:./img_out/7_4_3_2_1/portrait_4_2.jpeg
DEBUG:root:./img_out/7_4_3_2_1/portrait_4_r_2.jpeg
DEBUG:root:./img_out/7_4_3_2_1/portrait_8_2.jpeg
DEBUG:root:./img_out/7_4_3_2_1/portrait_8_r_2.jpeg
DEBUG:root:./img_out/7_4_3_2_1/nature_4_2.jpeg
DEBUG:root:./img_out/7_4_3_2_1/nature_4_r_2.jpeg
DEBUG:root:./img_out/7_4_3_2_1/art_2_2.jpeg
DEBUG:root:./img_out/7_4_3_2_1/art_2_r_2.jpeg
DEBUG:root:./img_out/7_4_3_2_1/portrait_7_2.jpeg
DEBUG:root:./img_out/7_4_3_2_1/portrait_7_r_2.jpeg
DEBUG:root:./img_out/7_4_3_2_1/portrait_6_2.jpeg
DEBUG:root:./img_out/7_4_3_2_1/portrait_6_r_2.jpeg
DEBUG:root:./img_out/7_4_3_2_1/art_3_2.jpeg
DEBUG:root:./img_out/7_4_3_2_1/art_3_r_2.jpeg
DEBUG:root:./img_out/7_4_3_2_1/nature_5_2.jpeg
DEBUG:root:./img_out/7_4_3_2_1/nature_5_r_2.jpeg
DEBUG:root:./img_out/7_4_3_2_1/nature_2_2.jpeg
DEBUG:root:./img_out/7_4_3_2_1/nature_2_r_2.jpeg
DEBUG:root:./img_out/7_4_3_2_1/nautre_8_2.jpeg
DEBUG:root:./img_out/7_4_3_2_1/nautre_8_r_2.jpeg
DEBUG:root:./img_out/7_4_3_2_1/art_4_2.jpeg
DEBUG:root:./img_out/7_4_3_2_1/art_4_r_2.jpeg
DEBUG:root:./img_out/7_4_3_2_1/portrait_1_2.jpeg
DEBUG:root:./img_out/7_4_3_2_1/portrait_1_r_2.jpeg
DEBUG:root:./img_out/7_4_3_2_1/art_8_2.jpeg
DEBUG:root:./img_out/7_4_3_2_1/art_8_r_2.jpeg
DEBUG:root:./img_out/7_4_3_2_1/portrait_10_2.jpeg
DEBUG:root:./img_out/7_4_3_2_1/portrait_10_r_2.jpeg
DEBUG:root:./img_out/7_4_3_2_1/art_9_2.jpeg
DEBUG:root:./img_out/7_4_3_2_1/art_9_r_2.jpeg
DEBUG:root:./img_out/7_4_3_2_1/art_5_2.jpeg
DEBUG:root:./img_out/7_4_3_2_1/art_5_r_2.jpeg
DEBUG:root:./img_out/7_4_3_2_1/nautre_9_2.jpeg
DEBUG:root:./img_out/7_4_3_2_1/nautre_9_r_2.jpeg
DEBUG:root:./img_out/7_4_3_2_1/nature_3_2.jpeg
DEBUG:root:./img_out/7_4_3_2_1/nature_3_r_2.jpeg
DEBUG:root:./img_out/7_4_3_2_1/portrait_3_1.jpeg
DEBUG:root:./img_out/7_4_3_2_1/portrait_3_r_1.jpeg
DEBUG:root:./img_out/7_4_3_2_1/art_6_1.jpeg
DEBUG:root:./img_out/7_4_3_2_1/art_6_r_1.jpeg
DEBUG:root:./img_out/7_4_3_2_1/nature_1_1.jpeg
DEBUG:root:./img_out/7_4_3_2_1/nature_1_r_1.jpeg
DEBUG:root:./img_out/7_4_3_2_1/art_7_1.jpeg
DEBUG:root:./img_out/7_4_3_2_1/art_7_r_1.jpeg
DEBUG:root:./img_out/7_4_3_2_1/nature_10_1.jpeg
DEBUG:root:./img_out/7_4_3_2_1/nature_10_r_1.jpeg
DEBUG:root:./img_out/7_4_3_2_1/art_10_1.jpeg
DEBUG:root:./img_out/7_4_3_2_1/art_10_r_1.jpeg
DEBUG:root:./img_out/7_4_3_2_1/portrait_2_1.jpeg
DEBUG:root:./img_out/7_4_3_2_1/portrait_2_r_1.jpeg
DEBUG:root:./img_out/7_4_3_2_1/portrait_9_1.jpeg
DEBUG:root:./img_out/7_4_3_2_1/portrait_9_r_1.jpeg
DEBUG:root:./img_out/7_4_3_2_1/portrait_5_1.jpeg
DEBUG:root:./img_out/7_4_3_2_1/portrait_5_r_1.jpeg
DEBUG:root:./img_out/7_4_3_2_1/nature_6_1.jpeg
DEBUG:root:./img_out/7_4_3_2_1/nature_6_r_1.jpeg
DEBUG:root:./img_out/7_4_3_2_1/nature_7_1.jpeg
DEBUG:root:./img_out/7_4_3_2_1/nature_7_r_1.jpeg
DEBUG:root:./img_out/7_4_3_2_1/art_1_1.jpeg
DEBUG:root:./img_out/7_4_3_2_1/art_1_r_1.jpeg
DEBUG:root:./img_out/7_4_3_2_1/portrait_4_1.jpeg
DEBUG:root:./img_out/7_4_3_2_1/portrait_4_r_1.jpeg
DEBUG:root:./img_out/7_4_3_2_1/portrait_8_1.jpeg
DEBUG:root:./img_out/7_4_3_2_1/portrait_8_r_1.jpeg
DEBUG:root:./img_out/7_4_3_2_1/nature_4_1.jpeg
DEBUG:root:./img_out/7_4_3_2_1/nature_4_r_1.jpeg
DEBUG:root:./img_out/7_4_3_2_1/art_2_1.jpeg
DEBUG:root:./img_out/7_4_3_2_1/art_2_r_1.jpeg
DEBUG:root:./img_out/7_4_3_2_1/portrait_7_1.jpeg
DEBUG:root:./img_out/7_4_3_2_1/portrait_7_r_1.jpeg
DEBUG:root:./img_out/7_4_3_2_1/portrait_6_1.jpeg
DEBUG:root:./img_out/7_4_3_2_1/portrait_6_r_1.jpeg
DEBUG:root:./img_out/7_4_3_2_1/art_3_1.jpeg
DEBUG:root:./img_out/7_4_3_2_1/art_3_r_1.jpeg
DEBUG:root:./img_out/7_4_3_2_1/nature_5_1.jpeg
DEBUG:root:./img_out/7_4_3_2_1/nature_5_r_1.jpeg
DEBUG:root:./img_out/7_4_3_2_1/nature_2_1.jpeg
DEBUG:root:./img_out/7_4_3_2_1/nature_2_r_1.jpeg
DEBUG:root:./img_out/7_4_3_2_1/nautre_8_1.jpeg
DEBUG:root:./img_out/7_4_3_2_1/nautre_8_r_1.jpeg
DEBUG:root:./img_out/7_4_3_2_1/art_4_1.jpeg
DEBUG:root:./img_out/7_4_3_2_1/art_4_r_1.jpeg
DEBUG:root:./img_out/7_4_3_2_1/portrait_1_1.jpeg
DEBUG:root:./img_out/7_4_3_2_1/portrait_1_r_1.jpeg
DEBUG:root:./img_out/7_4_3_2_1/art_8_1.jpeg
DEBUG:root:./img_out/7_4_3_2_1/art_8_r_1.jpeg
DEBUG:root:./img_out/7_4_3_2_1/portrait_10_1.jpeg
DEBUG:root:./img_out/7_4_3_2_1/portrait_10_r_1.jpeg
DEBUG:root:./img_out/7_4_3_2_1/art_9_1.jpeg
DEBUG:root:./img_out/7_4_3_2_1/art_9_r_1.jpeg
DEBUG:root:./img_out/7_4_3_2_1/art_5_1.jpeg
DEBUG:root:./img_out/7_4_3_2_1/art_5_r_1.jpeg
DEBUG:root:./img_out/7_4_3_2_1/nautre_9_1.jpeg
DEBUG:root:./img_out/7_4_3_2_1/nautre_9_r_1.jpeg
DEBUG:root:./img_out/7_4_3_2_1/nature_3_1.jpeg
DEBUG:root:./img_out/7_4_3_2_1/nature_3_r_1.jpeg
DEBUG:root:pre: [0.   0.75 1.5  2.25 3.  ]
DEBUG:root:sigmas: [20  9  4  2  1]
DEBUG:root:sigmas_str: 20_9_4_2_1
DEBUG:root:saved files
DEBUG:root:./img_out/20_9_4_2_1/portrait_3.jpeg
DEBUG:root:./img_out/20_9_4_2_1/portrait_3_r.jpeg
DEBUG:root:./img_out/20_9_4_2_1/art_6.jpeg
DEBUG:root:./img_out/20_9_4_2_1/art_6_r.jpeg
DEBUG:root:./img_out/20_9_4_2_1/nature_1.jpeg
DEBUG:root:./img_out/20_9_4_2_1/nature_1_r.jpeg
DEBUG:root:./img_out/20_9_4_2_1/art_7.jpeg
DEBUG:root:./img_out/20_9_4_2_1/art_7_r.jpeg
DEBUG:root:./img_out/20_9_4_2_1/nature_10.jpeg
DEBUG:root:./img_out/20_9_4_2_1/nature_10_r.jpeg
DEBUG:root:./img_out/20_9_4_2_1/art_10.jpeg
DEBUG:root:./img_out/20_9_4_2_1/art_10_r.jpeg
DEBUG:root:./img_out/20_9_4_2_1/portrait_2.jpeg
DEBUG:root:./img_out/20_9_4_2_1/portrait_2_r.jpeg
DEBUG:root:./img_out/20_9_4_2_1/portrait_9.jpeg
DEBUG:root:./img_out/20_9_4_2_1/portrait_9_r.jpeg
DEBUG:root:./img_out/20_9_4_2_1/portrait_5.jpeg
DEBUG:root:./img_out/20_9_4_2_1/portrait_5_r.jpeg
DEBUG:root:./img_out/20_9_4_2_1/nature_6.jpeg
DEBUG:root:./img_out/20_9_4_2_1/nature_6_r.jpeg
DEBUG:root:./img_out/20_9_4_2_1/nature_7.jpeg
DEBUG:root:./img_out/20_9_4_2_1/nature_7_r.jpeg
DEBUG:root:./img_out/20_9_4_2_1/art_1.jpeg
DEBUG:root:./img_out/20_9_4_2_1/art_1_r.jpeg
DEBUG:root:./img_out/20_9_4_2_1/portrait_4.jpeg
DEBUG:root:./img_out/20_9_4_2_1/portrait_4_r.jpeg
DEBUG:root:./img_out/20_9_4_2_1/portrait_8.jpeg
DEBUG:root:./img_out/20_9_4_2_1/portrait_8_r.jpeg
DEBUG:root:./img_out/20_9_4_2_1/nature_4.jpeg
DEBUG:root:./img_out/20_9_4_2_1/nature_4_r.jpeg
DEBUG:root:./img_out/20_9_4_2_1/art_2.jpeg
DEBUG:root:./img_out/20_9_4_2_1/art_2_r.jpeg
DEBUG:root:./img_out/20_9_4_2_1/portrait_7.jpeg
DEBUG:root:./img_out/20_9_4_2_1/portrait_7_r.jpeg
DEBUG:root:./img_out/20_9_4_2_1/portrait_6.jpeg
DEBUG:root:./img_out/20_9_4_2_1/portrait_6_r.jpeg
DEBUG:root:./img_out/20_9_4_2_1/art_3.jpeg
DEBUG:root:./img_out/20_9_4_2_1/art_3_r.jpeg
DEBUG:root:./img_out/20_9_4_2_1/nature_5.jpeg
DEBUG:root:./img_out/20_9_4_2_1/nature_5_r.jpeg
DEBUG:root:./img_out/20_9_4_2_1/nature_2.jpeg
DEBUG:root:./img_out/20_9_4_2_1/nature_2_r.jpeg
DEBUG:root:./img_out/20_9_4_2_1/nautre_8.jpeg
DEBUG:root:./img_out/20_9_4_2_1/nautre_8_r.jpeg
DEBUG:root:./img_out/20_9_4_2_1/art_4.jpeg
DEBUG:root:./img_out/20_9_4_2_1/art_4_r.jpeg
DEBUG:root:./img_out/20_9_4_2_1/portrait_1.jpeg
DEBUG:root:./img_out/20_9_4_2_1/portrait_1_r.jpeg
DEBUG:root:./img_out/20_9_4_2_1/art_8.jpeg
DEBUG:root:./img_out/20_9_4_2_1/art_8_r.jpeg
DEBUG:root:./img_out/20_9_4_2_1/portrait_10.jpeg
DEBUG:root:./img_out/20_9_4_2_1/portrait_10_r.jpeg
DEBUG:root:./img_out/20_9_4_2_1/art_9.jpeg
DEBUG:root:./img_out/20_9_4_2_1/art_9_r.jpeg
DEBUG:root:./img_out/20_9_4_2_1/art_5.jpeg
DEBUG:root:./img_out/20_9_4_2_1/art_5_r.jpeg
DEBUG:root:./img_out/20_9_4_2_1/nautre_9.jpeg
DEBUG:root:./img_out/20_9_4_2_1/nautre_9_r.jpeg
DEBUG:root:./img_out/20_9_4_2_1/nature_3.jpeg
DEBUG:root:./img_out/20_9_4_2_1/nature_3_r.jpeg
DEBUG:root:./img_out/20_9_4_2_1/portrait_3_20.jpeg
DEBUG:root:./img_out/20_9_4_2_1/portrait_3_r_20.jpeg
DEBUG:root:./img_out/20_9_4_2_1/art_6_20.jpeg
DEBUG:root:./img_out/20_9_4_2_1/art_6_r_20.jpeg
DEBUG:root:./img_out/20_9_4_2_1/nature_1_20.jpeg
DEBUG:root:./img_out/20_9_4_2_1/nature_1_r_20.jpeg
DEBUG:root:./img_out/20_9_4_2_1/art_7_20.jpeg
DEBUG:root:./img_out/20_9_4_2_1/art_7_r_20.jpeg
DEBUG:root:./img_out/20_9_4_2_1/nature_10_20.jpeg
DEBUG:root:./img_out/20_9_4_2_1/nature_10_r_20.jpeg
DEBUG:root:./img_out/20_9_4_2_1/art_10_20.jpeg
DEBUG:root:./img_out/20_9_4_2_1/art_10_r_20.jpeg
DEBUG:root:./img_out/20_9_4_2_1/portrait_2_20.jpeg
DEBUG:root:./img_out/20_9_4_2_1/portrait_2_r_20.jpeg
DEBUG:root:./img_out/20_9_4_2_1/portrait_9_20.jpeg
DEBUG:root:./img_out/20_9_4_2_1/portrait_9_r_20.jpeg
DEBUG:root:./img_out/20_9_4_2_1/portrait_5_20.jpeg
DEBUG:root:./img_out/20_9_4_2_1/portrait_5_r_20.jpeg
DEBUG:root:./img_out/20_9_4_2_1/nature_6_20.jpeg
DEBUG:root:./img_out/20_9_4_2_1/nature_6_r_20.jpeg
DEBUG:root:./img_out/20_9_4_2_1/nature_7_20.jpeg
DEBUG:root:./img_out/20_9_4_2_1/nature_7_r_20.jpeg
DEBUG:root:./img_out/20_9_4_2_1/art_1_20.jpeg
DEBUG:root:./img_out/20_9_4_2_1/art_1_r_20.jpeg
DEBUG:root:./img_out/20_9_4_2_1/portrait_4_20.jpeg
DEBUG:root:./img_out/20_9_4_2_1/portrait_4_r_20.jpeg
DEBUG:root:./img_out/20_9_4_2_1/portrait_8_20.jpeg
DEBUG:root:./img_out/20_9_4_2_1/portrait_8_r_20.jpeg
DEBUG:root:./img_out/20_9_4_2_1/nature_4_20.jpeg
DEBUG:root:./img_out/20_9_4_2_1/nature_4_r_20.jpeg
DEBUG:root:./img_out/20_9_4_2_1/art_2_20.jpeg
DEBUG:root:./img_out/20_9_4_2_1/art_2_r_20.jpeg
DEBUG:root:./img_out/20_9_4_2_1/portrait_7_20.jpeg
DEBUG:root:./img_out/20_9_4_2_1/portrait_7_r_20.jpeg
DEBUG:root:./img_out/20_9_4_2_1/portrait_6_20.jpeg
DEBUG:root:./img_out/20_9_4_2_1/portrait_6_r_20.jpeg
DEBUG:root:./img_out/20_9_4_2_1/art_3_20.jpeg
DEBUG:root:./img_out/20_9_4_2_1/art_3_r_20.jpeg
DEBUG:root:./img_out/20_9_4_2_1/nature_5_20.jpeg
DEBUG:root:./img_out/20_9_4_2_1/nature_5_r_20.jpeg
DEBUG:root:./img_out/20_9_4_2_1/nature_2_20.jpeg
DEBUG:root:./img_out/20_9_4_2_1/nature_2_r_20.jpeg
DEBUG:root:./img_out/20_9_4_2_1/nautre_8_20.jpeg
DEBUG:root:./img_out/20_9_4_2_1/nautre_8_r_20.jpeg
DEBUG:root:./img_out/20_9_4_2_1/art_4_20.jpeg
DEBUG:root:./img_out/20_9_4_2_1/art_4_r_20.jpeg
DEBUG:root:./img_out/20_9_4_2_1/portrait_1_20.jpeg
DEBUG:root:./img_out/20_9_4_2_1/portrait_1_r_20.jpeg
DEBUG:root:./img_out/20_9_4_2_1/art_8_20.jpeg
DEBUG:root:./img_out/20_9_4_2_1/art_8_r_20.jpeg
DEBUG:root:./img_out/20_9_4_2_1/portrait_10_20.jpeg
DEBUG:root:./img_out/20_9_4_2_1/portrait_10_r_20.jpeg
DEBUG:root:./img_out/20_9_4_2_1/art_9_20.jpeg
DEBUG:root:./img_out/20_9_4_2_1/art_9_r_20.jpeg
DEBUG:root:./img_out/20_9_4_2_1/art_5_20.jpeg
DEBUG:root:./img_out/20_9_4_2_1/art_5_r_20.jpeg
DEBUG:root:./img_out/20_9_4_2_1/nautre_9_20.jpeg
DEBUG:root:./img_out/20_9_4_2_1/nautre_9_r_20.jpeg
DEBUG:root:./img_out/20_9_4_2_1/nature_3_20.jpeg
DEBUG:root:./img_out/20_9_4_2_1/nature_3_r_20.jpeg
DEBUG:root:./img_out/20_9_4_2_1/portrait_3_9.jpeg
DEBUG:root:./img_out/20_9_4_2_1/portrait_3_r_9.jpeg
DEBUG:root:./img_out/20_9_4_2_1/art_6_9.jpeg
DEBUG:root:./img_out/20_9_4_2_1/art_6_r_9.jpeg
DEBUG:root:./img_out/20_9_4_2_1/nature_1_9.jpeg
DEBUG:root:./img_out/20_9_4_2_1/nature_1_r_9.jpeg
DEBUG:root:./img_out/20_9_4_2_1/art_7_9.jpeg
DEBUG:root:./img_out/20_9_4_2_1/art_7_r_9.jpeg
DEBUG:root:./img_out/20_9_4_2_1/nature_10_9.jpeg
DEBUG:root:./img_out/20_9_4_2_1/nature_10_r_9.jpeg
DEBUG:root:./img_out/20_9_4_2_1/art_10_9.jpeg
DEBUG:root:./img_out/20_9_4_2_1/art_10_r_9.jpeg
DEBUG:root:./img_out/20_9_4_2_1/portrait_2_9.jpeg
DEBUG:root:./img_out/20_9_4_2_1/portrait_2_r_9.jpeg
DEBUG:root:./img_out/20_9_4_2_1/portrait_9_9.jpeg
DEBUG:root:./img_out/20_9_4_2_1/portrait_9_r_9.jpeg
DEBUG:root:./img_out/20_9_4_2_1/portrait_5_9.jpeg
DEBUG:root:./img_out/20_9_4_2_1/portrait_5_r_9.jpeg
DEBUG:root:./img_out/20_9_4_2_1/nature_6_9.jpeg
DEBUG:root:./img_out/20_9_4_2_1/nature_6_r_9.jpeg
DEBUG:root:./img_out/20_9_4_2_1/nature_7_9.jpeg
DEBUG:root:./img_out/20_9_4_2_1/nature_7_r_9.jpeg
DEBUG:root:./img_out/20_9_4_2_1/art_1_9.jpeg
DEBUG:root:./img_out/20_9_4_2_1/art_1_r_9.jpeg
DEBUG:root:./img_out/20_9_4_2_1/portrait_4_9.jpeg
DEBUG:root:./img_out/20_9_4_2_1/portrait_4_r_9.jpeg
DEBUG:root:./img_out/20_9_4_2_1/portrait_8_9.jpeg
DEBUG:root:./img_out/20_9_4_2_1/portrait_8_r_9.jpeg
DEBUG:root:./img_out/20_9_4_2_1/nature_4_9.jpeg
DEBUG:root:./img_out/20_9_4_2_1/nature_4_r_9.jpeg
DEBUG:root:./img_out/20_9_4_2_1/art_2_9.jpeg
DEBUG:root:./img_out/20_9_4_2_1/art_2_r_9.jpeg
DEBUG:root:./img_out/20_9_4_2_1/portrait_7_9.jpeg
DEBUG:root:./img_out/20_9_4_2_1/portrait_7_r_9.jpeg
DEBUG:root:./img_out/20_9_4_2_1/portrait_6_9.jpeg
DEBUG:root:./img_out/20_9_4_2_1/portrait_6_r_9.jpeg
DEBUG:root:./img_out/20_9_4_2_1/art_3_9.jpeg
DEBUG:root:./img_out/20_9_4_2_1/art_3_r_9.jpeg
DEBUG:root:./img_out/20_9_4_2_1/nature_5_9.jpeg
DEBUG:root:./img_out/20_9_4_2_1/nature_5_r_9.jpeg
DEBUG:root:./img_out/20_9_4_2_1/nature_2_9.jpeg
DEBUG:root:./img_out/20_9_4_2_1/nature_2_r_9.jpeg
DEBUG:root:./img_out/20_9_4_2_1/nautre_8_9.jpeg
DEBUG:root:./img_out/20_9_4_2_1/nautre_8_r_9.jpeg
DEBUG:root:./img_out/20_9_4_2_1/art_4_9.jpeg
DEBUG:root:./img_out/20_9_4_2_1/art_4_r_9.jpeg
DEBUG:root:./img_out/20_9_4_2_1/portrait_1_9.jpeg
DEBUG:root:./img_out/20_9_4_2_1/portrait_1_r_9.jpeg
DEBUG:root:./img_out/20_9_4_2_1/art_8_9.jpeg
DEBUG:root:./img_out/20_9_4_2_1/art_8_r_9.jpeg
DEBUG:root:./img_out/20_9_4_2_1/portrait_10_9.jpeg
DEBUG:root:./img_out/20_9_4_2_1/portrait_10_r_9.jpeg
DEBUG:root:./img_out/20_9_4_2_1/art_9_9.jpeg
DEBUG:root:./img_out/20_9_4_2_1/art_9_r_9.jpeg
DEBUG:root:./img_out/20_9_4_2_1/art_5_9.jpeg
DEBUG:root:./img_out/20_9_4_2_1/art_5_r_9.jpeg
DEBUG:root:./img_out/20_9_4_2_1/nautre_9_9.jpeg
DEBUG:root:./img_out/20_9_4_2_1/nautre_9_r_9.jpeg
DEBUG:root:./img_out/20_9_4_2_1/nature_3_9.jpeg
DEBUG:root:./img_out/20_9_4_2_1/nature_3_r_9.jpeg
DEBUG:root:./img_out/20_9_4_2_1/portrait_3_4.jpeg
DEBUG:root:./img_out/20_9_4_2_1/portrait_3_r_4.jpeg
DEBUG:root:./img_out/20_9_4_2_1/art_6_4.jpeg
DEBUG:root:./img_out/20_9_4_2_1/art_6_r_4.jpeg
DEBUG:root:./img_out/20_9_4_2_1/nature_1_4.jpeg
DEBUG:root:./img_out/20_9_4_2_1/nature_1_r_4.jpeg
DEBUG:root:./img_out/20_9_4_2_1/art_7_4.jpeg
DEBUG:root:./img_out/20_9_4_2_1/art_7_r_4.jpeg
DEBUG:root:./img_out/20_9_4_2_1/nature_10_4.jpeg
DEBUG:root:./img_out/20_9_4_2_1/nature_10_r_4.jpeg
DEBUG:root:./img_out/20_9_4_2_1/art_10_4.jpeg
DEBUG:root:./img_out/20_9_4_2_1/art_10_r_4.jpeg
DEBUG:root:./img_out/20_9_4_2_1/portrait_2_4.jpeg
DEBUG:root:./img_out/20_9_4_2_1/portrait_2_r_4.jpeg
DEBUG:root:./img_out/20_9_4_2_1/portrait_9_4.jpeg
DEBUG:root:./img_out/20_9_4_2_1/portrait_9_r_4.jpeg
DEBUG:root:./img_out/20_9_4_2_1/portrait_5_4.jpeg
DEBUG:root:./img_out/20_9_4_2_1/portrait_5_r_4.jpeg
DEBUG:root:./img_out/20_9_4_2_1/nature_6_4.jpeg
DEBUG:root:./img_out/20_9_4_2_1/nature_6_r_4.jpeg
DEBUG:root:./img_out/20_9_4_2_1/nature_7_4.jpeg
DEBUG:root:./img_out/20_9_4_2_1/nature_7_r_4.jpeg
DEBUG:root:./img_out/20_9_4_2_1/art_1_4.jpeg
DEBUG:root:./img_out/20_9_4_2_1/art_1_r_4.jpeg
DEBUG:root:./img_out/20_9_4_2_1/portrait_4_4.jpeg
DEBUG:root:./img_out/20_9_4_2_1/portrait_4_r_4.jpeg
DEBUG:root:./img_out/20_9_4_2_1/portrait_8_4.jpeg
DEBUG:root:./img_out/20_9_4_2_1/portrait_8_r_4.jpeg
DEBUG:root:./img_out/20_9_4_2_1/nature_4_4.jpeg
DEBUG:root:./img_out/20_9_4_2_1/nature_4_r_4.jpeg
DEBUG:root:./img_out/20_9_4_2_1/art_2_4.jpeg
DEBUG:root:./img_out/20_9_4_2_1/art_2_r_4.jpeg
DEBUG:root:./img_out/20_9_4_2_1/portrait_7_4.jpeg
DEBUG:root:./img_out/20_9_4_2_1/portrait_7_r_4.jpeg
DEBUG:root:./img_out/20_9_4_2_1/portrait_6_4.jpeg
DEBUG:root:./img_out/20_9_4_2_1/portrait_6_r_4.jpeg
DEBUG:root:./img_out/20_9_4_2_1/art_3_4.jpeg
DEBUG:root:./img_out/20_9_4_2_1/art_3_r_4.jpeg
DEBUG:root:./img_out/20_9_4_2_1/nature_5_4.jpeg
DEBUG:root:./img_out/20_9_4_2_1/nature_5_r_4.jpeg
DEBUG:root:./img_out/20_9_4_2_1/nature_2_4.jpeg
DEBUG:root:./img_out/20_9_4_2_1/nature_2_r_4.jpeg
DEBUG:root:./img_out/20_9_4_2_1/nautre_8_4.jpeg
DEBUG:root:./img_out/20_9_4_2_1/nautre_8_r_4.jpeg
DEBUG:root:./img_out/20_9_4_2_1/art_4_4.jpeg
DEBUG:root:./img_out/20_9_4_2_1/art_4_r_4.jpeg
DEBUG:root:./img_out/20_9_4_2_1/portrait_1_4.jpeg
DEBUG:root:./img_out/20_9_4_2_1/portrait_1_r_4.jpeg
DEBUG:root:./img_out/20_9_4_2_1/art_8_4.jpeg
DEBUG:root:./img_out/20_9_4_2_1/art_8_r_4.jpeg
DEBUG:root:./img_out/20_9_4_2_1/portrait_10_4.jpeg
DEBUG:root:./img_out/20_9_4_2_1/portrait_10_r_4.jpeg
DEBUG:root:./img_out/20_9_4_2_1/art_9_4.jpeg
DEBUG:root:./img_out/20_9_4_2_1/art_9_r_4.jpeg
DEBUG:root:./img_out/20_9_4_2_1/art_5_4.jpeg
DEBUG:root:./img_out/20_9_4_2_1/art_5_r_4.jpeg
DEBUG:root:./img_out/20_9_4_2_1/nautre_9_4.jpeg
DEBUG:root:./img_out/20_9_4_2_1/nautre_9_r_4.jpeg
DEBUG:root:./img_out/20_9_4_2_1/nature_3_4.jpeg
DEBUG:root:./img_out/20_9_4_2_1/nature_3_r_4.jpeg
DEBUG:root:./img_out/20_9_4_2_1/portrait_3_2.jpeg
DEBUG:root:./img_out/20_9_4_2_1/portrait_3_r_2.jpeg
DEBUG:root:./img_out/20_9_4_2_1/art_6_2.jpeg
DEBUG:root:./img_out/20_9_4_2_1/art_6_r_2.jpeg
DEBUG:root:./img_out/20_9_4_2_1/nature_1_2.jpeg
DEBUG:root:./img_out/20_9_4_2_1/nature_1_r_2.jpeg
DEBUG:root:./img_out/20_9_4_2_1/art_7_2.jpeg
DEBUG:root:./img_out/20_9_4_2_1/art_7_r_2.jpeg
DEBUG:root:./img_out/20_9_4_2_1/nature_10_2.jpeg
DEBUG:root:./img_out/20_9_4_2_1/nature_10_r_2.jpeg
DEBUG:root:./img_out/20_9_4_2_1/art_10_2.jpeg
DEBUG:root:./img_out/20_9_4_2_1/art_10_r_2.jpeg
DEBUG:root:./img_out/20_9_4_2_1/portrait_2_2.jpeg
DEBUG:root:./img_out/20_9_4_2_1/portrait_2_r_2.jpeg
DEBUG:root:./img_out/20_9_4_2_1/portrait_9_2.jpeg
DEBUG:root:./img_out/20_9_4_2_1/portrait_9_r_2.jpeg
DEBUG:root:./img_out/20_9_4_2_1/portrait_5_2.jpeg
DEBUG:root:./img_out/20_9_4_2_1/portrait_5_r_2.jpeg
DEBUG:root:./img_out/20_9_4_2_1/nature_6_2.jpeg
DEBUG:root:./img_out/20_9_4_2_1/nature_6_r_2.jpeg
DEBUG:root:./img_out/20_9_4_2_1/nature_7_2.jpeg
DEBUG:root:./img_out/20_9_4_2_1/nature_7_r_2.jpeg
DEBUG:root:./img_out/20_9_4_2_1/art_1_2.jpeg
DEBUG:root:./img_out/20_9_4_2_1/art_1_r_2.jpeg
DEBUG:root:./img_out/20_9_4_2_1/portrait_4_2.jpeg
DEBUG:root:./img_out/20_9_4_2_1/portrait_4_r_2.jpeg
DEBUG:root:./img_out/20_9_4_2_1/portrait_8_2.jpeg
DEBUG:root:./img_out/20_9_4_2_1/portrait_8_r_2.jpeg
DEBUG:root:./img_out/20_9_4_2_1/nature_4_2.jpeg
DEBUG:root:./img_out/20_9_4_2_1/nature_4_r_2.jpeg
DEBUG:root:./img_out/20_9_4_2_1/art_2_2.jpeg
DEBUG:root:./img_out/20_9_4_2_1/art_2_r_2.jpeg
DEBUG:root:./img_out/20_9_4_2_1/portrait_7_2.jpeg
DEBUG:root:./img_out/20_9_4_2_1/portrait_7_r_2.jpeg
DEBUG:root:./img_out/20_9_4_2_1/portrait_6_2.jpeg
DEBUG:root:./img_out/20_9_4_2_1/portrait_6_r_2.jpeg
DEBUG:root:./img_out/20_9_4_2_1/art_3_2.jpeg
DEBUG:root:./img_out/20_9_4_2_1/art_3_r_2.jpeg
DEBUG:root:./img_out/20_9_4_2_1/nature_5_2.jpeg
DEBUG:root:./img_out/20_9_4_2_1/nature_5_r_2.jpeg
DEBUG:root:./img_out/20_9_4_2_1/nature_2_2.jpeg
DEBUG:root:./img_out/20_9_4_2_1/nature_2_r_2.jpeg
DEBUG:root:./img_out/20_9_4_2_1/nautre_8_2.jpeg
DEBUG:root:./img_out/20_9_4_2_1/nautre_8_r_2.jpeg
DEBUG:root:./img_out/20_9_4_2_1/art_4_2.jpeg
DEBUG:root:./img_out/20_9_4_2_1/art_4_r_2.jpeg
DEBUG:root:./img_out/20_9_4_2_1/portrait_1_2.jpeg
DEBUG:root:./img_out/20_9_4_2_1/portrait_1_r_2.jpeg
DEBUG:root:./img_out/20_9_4_2_1/art_8_2.jpeg
DEBUG:root:./img_out/20_9_4_2_1/art_8_r_2.jpeg
DEBUG:root:./img_out/20_9_4_2_1/portrait_10_2.jpeg
DEBUG:root:./img_out/20_9_4_2_1/portrait_10_r_2.jpeg
DEBUG:root:./img_out/20_9_4_2_1/art_9_2.jpeg
DEBUG:root:./img_out/20_9_4_2_1/art_9_r_2.jpeg
DEBUG:root:./img_out/20_9_4_2_1/art_5_2.jpeg
DEBUG:root:./img_out/20_9_4_2_1/art_5_r_2.jpeg
DEBUG:root:./img_out/20_9_4_2_1/nautre_9_2.jpeg
DEBUG:root:./img_out/20_9_4_2_1/nautre_9_r_2.jpeg
DEBUG:root:./img_out/20_9_4_2_1/nature_3_2.jpeg
DEBUG:root:./img_out/20_9_4_2_1/nature_3_r_2.jpeg
DEBUG:root:./img_out/20_9_4_2_1/portrait_3_1.jpeg
DEBUG:root:./img_out/20_9_4_2_1/portrait_3_r_1.jpeg
DEBUG:root:./img_out/20_9_4_2_1/art_6_1.jpeg
DEBUG:root:./img_out/20_9_4_2_1/art_6_r_1.jpeg
DEBUG:root:./img_out/20_9_4_2_1/nature_1_1.jpeg
DEBUG:root:./img_out/20_9_4_2_1/nature_1_r_1.jpeg
DEBUG:root:./img_out/20_9_4_2_1/art_7_1.jpeg
DEBUG:root:./img_out/20_9_4_2_1/art_7_r_1.jpeg
DEBUG:root:./img_out/20_9_4_2_1/nature_10_1.jpeg
DEBUG:root:./img_out/20_9_4_2_1/nature_10_r_1.jpeg
DEBUG:root:./img_out/20_9_4_2_1/art_10_1.jpeg
DEBUG:root:./img_out/20_9_4_2_1/art_10_r_1.jpeg
DEBUG:root:./img_out/20_9_4_2_1/portrait_2_1.jpeg
DEBUG:root:./img_out/20_9_4_2_1/portrait_2_r_1.jpeg
DEBUG:root:./img_out/20_9_4_2_1/portrait_9_1.jpeg
DEBUG:root:./img_out/20_9_4_2_1/portrait_9_r_1.jpeg
DEBUG:root:./img_out/20_9_4_2_1/portrait_5_1.jpeg
DEBUG:root:./img_out/20_9_4_2_1/portrait_5_r_1.jpeg
DEBUG:root:./img_out/20_9_4_2_1/nature_6_1.jpeg
DEBUG:root:./img_out/20_9_4_2_1/nature_6_r_1.jpeg
DEBUG:root:./img_out/20_9_4_2_1/nature_7_1.jpeg
DEBUG:root:./img_out/20_9_4_2_1/nature_7_r_1.jpeg
DEBUG:root:./img_out/20_9_4_2_1/art_1_1.jpeg
DEBUG:root:./img_out/20_9_4_2_1/art_1_r_1.jpeg
DEBUG:root:./img_out/20_9_4_2_1/portrait_4_1.jpeg
DEBUG:root:./img_out/20_9_4_2_1/portrait_4_r_1.jpeg
DEBUG:root:./img_out/20_9_4_2_1/portrait_8_1.jpeg
DEBUG:root:./img_out/20_9_4_2_1/portrait_8_r_1.jpeg
DEBUG:root:./img_out/20_9_4_2_1/nature_4_1.jpeg
DEBUG:root:./img_out/20_9_4_2_1/nature_4_r_1.jpeg
DEBUG:root:./img_out/20_9_4_2_1/art_2_1.jpeg
DEBUG:root:./img_out/20_9_4_2_1/art_2_r_1.jpeg
DEBUG:root:./img_out/20_9_4_2_1/portrait_7_1.jpeg
DEBUG:root:./img_out/20_9_4_2_1/portrait_7_r_1.jpeg
DEBUG:root:./img_out/20_9_4_2_1/portrait_6_1.jpeg
DEBUG:root:./img_out/20_9_4_2_1/portrait_6_r_1.jpeg
DEBUG:root:./img_out/20_9_4_2_1/art_3_1.jpeg
DEBUG:root:./img_out/20_9_4_2_1/art_3_r_1.jpeg
DEBUG:root:./img_out/20_9_4_2_1/nature_5_1.jpeg
DEBUG:root:./img_out/20_9_4_2_1/nature_5_r_1.jpeg
DEBUG:root:./img_out/20_9_4_2_1/nature_2_1.jpeg
DEBUG:root:./img_out/20_9_4_2_1/nature_2_r_1.jpeg
DEBUG:root:./img_out/20_9_4_2_1/nautre_8_1.jpeg
DEBUG:root:./img_out/20_9_4_2_1/nautre_8_r_1.jpeg
DEBUG:root:./img_out/20_9_4_2_1/art_4_1.jpeg
DEBUG:root:./img_out/20_9_4_2_1/art_4_r_1.jpeg
DEBUG:root:./img_out/20_9_4_2_1/portrait_1_1.jpeg
DEBUG:root:./img_out/20_9_4_2_1/portrait_1_r_1.jpeg
DEBUG:root:./img_out/20_9_4_2_1/art_8_1.jpeg
DEBUG:root:./img_out/20_9_4_2_1/art_8_r_1.jpeg
DEBUG:root:./img_out/20_9_4_2_1/portrait_10_1.jpeg
DEBUG:root:./img_out/20_9_4_2_1/portrait_10_r_1.jpeg
DEBUG:root:./img_out/20_9_4_2_1/art_9_1.jpeg
DEBUG:root:./img_out/20_9_4_2_1/art_9_r_1.jpeg
DEBUG:root:./img_out/20_9_4_2_1/art_5_1.jpeg
DEBUG:root:./img_out/20_9_4_2_1/art_5_r_1.jpeg
DEBUG:root:./img_out/20_9_4_2_1/nautre_9_1.jpeg
DEBUG:root:./img_out/20_9_4_2_1/nautre_9_r_1.jpeg
DEBUG:root:./img_out/20_9_4_2_1/nature_3_1.jpeg
DEBUG:root:./img_out/20_9_4_2_1/nature_3_r_1.jpeg
DEBUG:root:pre: [0. 1. 2. 3. 4.]
DEBUG:root:sigmas: [55 20  7  3  1]
DEBUG:root:sigmas_str: 55_20_7_3_1
DEBUG:root:saved files
DEBUG:root:./img_out/55_20_7_3_1/portrait_3.jpeg
DEBUG:root:./img_out/55_20_7_3_1/portrait_3_r.jpeg
DEBUG:root:./img_out/55_20_7_3_1/art_6.jpeg
DEBUG:root:./img_out/55_20_7_3_1/art_6_r.jpeg
DEBUG:root:./img_out/55_20_7_3_1/nature_1.jpeg
DEBUG:root:./img_out/55_20_7_3_1/nature_1_r.jpeg
DEBUG:root:./img_out/55_20_7_3_1/art_7.jpeg
DEBUG:root:./img_out/55_20_7_3_1/art_7_r.jpeg
DEBUG:root:./img_out/55_20_7_3_1/nature_10.jpeg
DEBUG:root:./img_out/55_20_7_3_1/nature_10_r.jpeg
DEBUG:root:./img_out/55_20_7_3_1/art_10.jpeg
DEBUG:root:./img_out/55_20_7_3_1/art_10_r.jpeg
DEBUG:root:./img_out/55_20_7_3_1/portrait_2.jpeg
DEBUG:root:./img_out/55_20_7_3_1/portrait_2_r.jpeg
DEBUG:root:./img_out/55_20_7_3_1/portrait_9.jpeg
DEBUG:root:./img_out/55_20_7_3_1/portrait_9_r.jpeg
DEBUG:root:./img_out/55_20_7_3_1/portrait_5.jpeg
DEBUG:root:./img_out/55_20_7_3_1/portrait_5_r.jpeg
DEBUG:root:./img_out/55_20_7_3_1/nature_6.jpeg
DEBUG:root:./img_out/55_20_7_3_1/nature_6_r.jpeg
DEBUG:root:./img_out/55_20_7_3_1/nature_7.jpeg
DEBUG:root:./img_out/55_20_7_3_1/nature_7_r.jpeg
DEBUG:root:./img_out/55_20_7_3_1/art_1.jpeg
DEBUG:root:./img_out/55_20_7_3_1/art_1_r.jpeg
DEBUG:root:./img_out/55_20_7_3_1/portrait_4.jpeg
DEBUG:root:./img_out/55_20_7_3_1/portrait_4_r.jpeg
DEBUG:root:./img_out/55_20_7_3_1/portrait_8.jpeg
DEBUG:root:./img_out/55_20_7_3_1/portrait_8_r.jpeg
DEBUG:root:./img_out/55_20_7_3_1/nature_4.jpeg
DEBUG:root:./img_out/55_20_7_3_1/nature_4_r.jpeg
DEBUG:root:./img_out/55_20_7_3_1/art_2.jpeg
DEBUG:root:./img_out/55_20_7_3_1/art_2_r.jpeg
DEBUG:root:./img_out/55_20_7_3_1/portrait_7.jpeg
DEBUG:root:./img_out/55_20_7_3_1/portrait_7_r.jpeg
DEBUG:root:./img_out/55_20_7_3_1/portrait_6.jpeg
DEBUG:root:./img_out/55_20_7_3_1/portrait_6_r.jpeg
DEBUG:root:./img_out/55_20_7_3_1/art_3.jpeg
DEBUG:root:./img_out/55_20_7_3_1/art_3_r.jpeg
DEBUG:root:./img_out/55_20_7_3_1/nature_5.jpeg
DEBUG:root:./img_out/55_20_7_3_1/nature_5_r.jpeg
DEBUG:root:./img_out/55_20_7_3_1/nature_2.jpeg
DEBUG:root:./img_out/55_20_7_3_1/nature_2_r.jpeg
DEBUG:root:./img_out/55_20_7_3_1/nautre_8.jpeg
DEBUG:root:./img_out/55_20_7_3_1/nautre_8_r.jpeg
DEBUG:root:./img_out/55_20_7_3_1/art_4.jpeg
DEBUG:root:./img_out/55_20_7_3_1/art_4_r.jpeg
DEBUG:root:./img_out/55_20_7_3_1/portrait_1.jpeg
DEBUG:root:./img_out/55_20_7_3_1/portrait_1_r.jpeg
DEBUG:root:./img_out/55_20_7_3_1/art_8.jpeg
DEBUG:root:./img_out/55_20_7_3_1/art_8_r.jpeg
DEBUG:root:./img_out/55_20_7_3_1/portrait_10.jpeg
DEBUG:root:./img_out/55_20_7_3_1/portrait_10_r.jpeg
DEBUG:root:./img_out/55_20_7_3_1/art_9.jpeg
DEBUG:root:./img_out/55_20_7_3_1/art_9_r.jpeg
DEBUG:root:./img_out/55_20_7_3_1/art_5.jpeg
DEBUG:root:./img_out/55_20_7_3_1/art_5_r.jpeg
DEBUG:root:./img_out/55_20_7_3_1/nautre_9.jpeg
DEBUG:root:./img_out/55_20_7_3_1/nautre_9_r.jpeg
DEBUG:root:./img_out/55_20_7_3_1/nature_3.jpeg
DEBUG:root:./img_out/55_20_7_3_1/nature_3_r.jpeg
DEBUG:root:./img_out/55_20_7_3_1/portrait_3_55.jpeg
DEBUG:root:./img_out/55_20_7_3_1/portrait_3_r_55.jpeg
DEBUG:root:./img_out/55_20_7_3_1/art_6_55.jpeg
DEBUG:root:./img_out/55_20_7_3_1/art_6_r_55.jpeg
DEBUG:root:./img_out/55_20_7_3_1/nature_1_55.jpeg
DEBUG:root:./img_out/55_20_7_3_1/nature_1_r_55.jpeg
DEBUG:root:./img_out/55_20_7_3_1/art_7_55.jpeg
DEBUG:root:./img_out/55_20_7_3_1/art_7_r_55.jpeg
DEBUG:root:./img_out/55_20_7_3_1/nature_10_55.jpeg
DEBUG:root:./img_out/55_20_7_3_1/nature_10_r_55.jpeg
DEBUG:root:./img_out/55_20_7_3_1/art_10_55.jpeg
DEBUG:root:./img_out/55_20_7_3_1/art_10_r_55.jpeg
DEBUG:root:./img_out/55_20_7_3_1/portrait_2_55.jpeg
DEBUG:root:./img_out/55_20_7_3_1/portrait_2_r_55.jpeg
DEBUG:root:./img_out/55_20_7_3_1/portrait_9_55.jpeg
DEBUG:root:./img_out/55_20_7_3_1/portrait_9_r_55.jpeg
DEBUG:root:./img_out/55_20_7_3_1/portrait_5_55.jpeg
DEBUG:root:./img_out/55_20_7_3_1/portrait_5_r_55.jpeg
DEBUG:root:./img_out/55_20_7_3_1/nature_6_55.jpeg
DEBUG:root:./img_out/55_20_7_3_1/nature_6_r_55.jpeg
DEBUG:root:./img_out/55_20_7_3_1/nature_7_55.jpeg
DEBUG:root:./img_out/55_20_7_3_1/nature_7_r_55.jpeg
DEBUG:root:./img_out/55_20_7_3_1/art_1_55.jpeg
DEBUG:root:./img_out/55_20_7_3_1/art_1_r_55.jpeg
DEBUG:root:./img_out/55_20_7_3_1/portrait_4_55.jpeg
DEBUG:root:./img_out/55_20_7_3_1/portrait_4_r_55.jpeg
DEBUG:root:./img_out/55_20_7_3_1/portrait_8_55.jpeg
DEBUG:root:./img_out/55_20_7_3_1/portrait_8_r_55.jpeg
DEBUG:root:./img_out/55_20_7_3_1/nature_4_55.jpeg
DEBUG:root:./img_out/55_20_7_3_1/nature_4_r_55.jpeg
DEBUG:root:./img_out/55_20_7_3_1/art_2_55.jpeg
DEBUG:root:./img_out/55_20_7_3_1/art_2_r_55.jpeg
DEBUG:root:./img_out/55_20_7_3_1/portrait_7_55.jpeg
DEBUG:root:./img_out/55_20_7_3_1/portrait_7_r_55.jpeg
DEBUG:root:./img_out/55_20_7_3_1/portrait_6_55.jpeg
DEBUG:root:./img_out/55_20_7_3_1/portrait_6_r_55.jpeg
DEBUG:root:./img_out/55_20_7_3_1/art_3_55.jpeg
DEBUG:root:./img_out/55_20_7_3_1/art_3_r_55.jpeg
DEBUG:root:./img_out/55_20_7_3_1/nature_5_55.jpeg
DEBUG:root:./img_out/55_20_7_3_1/nature_5_r_55.jpeg
DEBUG:root:./img_out/55_20_7_3_1/nature_2_55.jpeg
DEBUG:root:./img_out/55_20_7_3_1/nature_2_r_55.jpeg
DEBUG:root:./img_out/55_20_7_3_1/nautre_8_55.jpeg
DEBUG:root:./img_out/55_20_7_3_1/nautre_8_r_55.jpeg
DEBUG:root:./img_out/55_20_7_3_1/art_4_55.jpeg
DEBUG:root:./img_out/55_20_7_3_1/art_4_r_55.jpeg
DEBUG:root:./img_out/55_20_7_3_1/portrait_1_55.jpeg
DEBUG:root:./img_out/55_20_7_3_1/portrait_1_r_55.jpeg
DEBUG:root:./img_out/55_20_7_3_1/art_8_55.jpeg
DEBUG:root:./img_out/55_20_7_3_1/art_8_r_55.jpeg
DEBUG:root:./img_out/55_20_7_3_1/portrait_10_55.jpeg
DEBUG:root:./img_out/55_20_7_3_1/portrait_10_r_55.jpeg
DEBUG:root:./img_out/55_20_7_3_1/art_9_55.jpeg
DEBUG:root:./img_out/55_20_7_3_1/art_9_r_55.jpeg
DEBUG:root:./img_out/55_20_7_3_1/art_5_55.jpeg
DEBUG:root:./img_out/55_20_7_3_1/art_5_r_55.jpeg
DEBUG:root:./img_out/55_20_7_3_1/nautre_9_55.jpeg
DEBUG:root:./img_out/55_20_7_3_1/nautre_9_r_55.jpeg
DEBUG:root:./img_out/55_20_7_3_1/nature_3_55.jpeg
DEBUG:root:./img_out/55_20_7_3_1/nature_3_r_55.jpeg
DEBUG:root:./img_out/55_20_7_3_1/portrait_3_20.jpeg
DEBUG:root:./img_out/55_20_7_3_1/portrait_3_r_20.jpeg
DEBUG:root:./img_out/55_20_7_3_1/art_6_20.jpeg
DEBUG:root:./img_out/55_20_7_3_1/art_6_r_20.jpeg
DEBUG:root:./img_out/55_20_7_3_1/nature_1_20.jpeg
DEBUG:root:./img_out/55_20_7_3_1/nature_1_r_20.jpeg
DEBUG:root:./img_out/55_20_7_3_1/art_7_20.jpeg
DEBUG:root:./img_out/55_20_7_3_1/art_7_r_20.jpeg
DEBUG:root:./img_out/55_20_7_3_1/nature_10_20.jpeg
DEBUG:root:./img_out/55_20_7_3_1/nature_10_r_20.jpeg
DEBUG:root:./img_out/55_20_7_3_1/art_10_20.jpeg
DEBUG:root:./img_out/55_20_7_3_1/art_10_r_20.jpeg
DEBUG:root:./img_out/55_20_7_3_1/portrait_2_20.jpeg
DEBUG:root:./img_out/55_20_7_3_1/portrait_2_r_20.jpeg
DEBUG:root:./img_out/55_20_7_3_1/portrait_9_20.jpeg
DEBUG:root:./img_out/55_20_7_3_1/portrait_9_r_20.jpeg
DEBUG:root:./img_out/55_20_7_3_1/portrait_5_20.jpeg
DEBUG:root:./img_out/55_20_7_3_1/portrait_5_r_20.jpeg
DEBUG:root:./img_out/55_20_7_3_1/nature_6_20.jpeg
DEBUG:root:./img_out/55_20_7_3_1/nature_6_r_20.jpeg
DEBUG:root:./img_out/55_20_7_3_1/nature_7_20.jpeg
DEBUG:root:./img_out/55_20_7_3_1/nature_7_r_20.jpeg
DEBUG:root:./img_out/55_20_7_3_1/art_1_20.jpeg
DEBUG:root:./img_out/55_20_7_3_1/art_1_r_20.jpeg
DEBUG:root:./img_out/55_20_7_3_1/portrait_4_20.jpeg
DEBUG:root:./img_out/55_20_7_3_1/portrait_4_r_20.jpeg
DEBUG:root:./img_out/55_20_7_3_1/portrait_8_20.jpeg
DEBUG:root:./img_out/55_20_7_3_1/portrait_8_r_20.jpeg
DEBUG:root:./img_out/55_20_7_3_1/nature_4_20.jpeg
DEBUG:root:./img_out/55_20_7_3_1/nature_4_r_20.jpeg
DEBUG:root:./img_out/55_20_7_3_1/art_2_20.jpeg
DEBUG:root:./img_out/55_20_7_3_1/art_2_r_20.jpeg
DEBUG:root:./img_out/55_20_7_3_1/portrait_7_20.jpeg
DEBUG:root:./img_out/55_20_7_3_1/portrait_7_r_20.jpeg
DEBUG:root:./img_out/55_20_7_3_1/portrait_6_20.jpeg
DEBUG:root:./img_out/55_20_7_3_1/portrait_6_r_20.jpeg
DEBUG:root:./img_out/55_20_7_3_1/art_3_20.jpeg
DEBUG:root:./img_out/55_20_7_3_1/art_3_r_20.jpeg
DEBUG:root:./img_out/55_20_7_3_1/nature_5_20.jpeg
DEBUG:root:./img_out/55_20_7_3_1/nature_5_r_20.jpeg
DEBUG:root:./img_out/55_20_7_3_1/nature_2_20.jpeg
DEBUG:root:./img_out/55_20_7_3_1/nature_2_r_20.jpeg
DEBUG:root:./img_out/55_20_7_3_1/nautre_8_20.jpeg
DEBUG:root:./img_out/55_20_7_3_1/nautre_8_r_20.jpeg
DEBUG:root:./img_out/55_20_7_3_1/art_4_20.jpeg
DEBUG:root:./img_out/55_20_7_3_1/art_4_r_20.jpeg
DEBUG:root:./img_out/55_20_7_3_1/portrait_1_20.jpeg
DEBUG:root:./img_out/55_20_7_3_1/portrait_1_r_20.jpeg
DEBUG:root:./img_out/55_20_7_3_1/art_8_20.jpeg
DEBUG:root:./img_out/55_20_7_3_1/art_8_r_20.jpeg
DEBUG:root:./img_out/55_20_7_3_1/portrait_10_20.jpeg
DEBUG:root:./img_out/55_20_7_3_1/portrait_10_r_20.jpeg
DEBUG:root:./img_out/55_20_7_3_1/art_9_20.jpeg
DEBUG:root:./img_out/55_20_7_3_1/art_9_r_20.jpeg
DEBUG:root:./img_out/55_20_7_3_1/art_5_20.jpeg
DEBUG:root:./img_out/55_20_7_3_1/art_5_r_20.jpeg
DEBUG:root:./img_out/55_20_7_3_1/nautre_9_20.jpeg
DEBUG:root:./img_out/55_20_7_3_1/nautre_9_r_20.jpeg
DEBUG:root:./img_out/55_20_7_3_1/nature_3_20.jpeg
DEBUG:root:./img_out/55_20_7_3_1/nature_3_r_20.jpeg
DEBUG:root:./img_out/55_20_7_3_1/portrait_3_7.jpeg
DEBUG:root:./img_out/55_20_7_3_1/portrait_3_r_7.jpeg
DEBUG:root:./img_out/55_20_7_3_1/art_6_7.jpeg
DEBUG:root:./img_out/55_20_7_3_1/art_6_r_7.jpeg
DEBUG:root:./img_out/55_20_7_3_1/nature_1_7.jpeg
DEBUG:root:./img_out/55_20_7_3_1/nature_1_r_7.jpeg
DEBUG:root:./img_out/55_20_7_3_1/art_7_7.jpeg
DEBUG:root:./img_out/55_20_7_3_1/art_7_r_7.jpeg
DEBUG:root:./img_out/55_20_7_3_1/nature_10_7.jpeg
DEBUG:root:./img_out/55_20_7_3_1/nature_10_r_7.jpeg
DEBUG:root:./img_out/55_20_7_3_1/art_10_7.jpeg
DEBUG:root:./img_out/55_20_7_3_1/art_10_r_7.jpeg
DEBUG:root:./img_out/55_20_7_3_1/portrait_2_7.jpeg
DEBUG:root:./img_out/55_20_7_3_1/portrait_2_r_7.jpeg
DEBUG:root:./img_out/55_20_7_3_1/portrait_9_7.jpeg
DEBUG:root:./img_out/55_20_7_3_1/portrait_9_r_7.jpeg
DEBUG:root:./img_out/55_20_7_3_1/portrait_5_7.jpeg
DEBUG:root:./img_out/55_20_7_3_1/portrait_5_r_7.jpeg
DEBUG:root:./img_out/55_20_7_3_1/nature_6_7.jpeg
DEBUG:root:./img_out/55_20_7_3_1/nature_6_r_7.jpeg
DEBUG:root:./img_out/55_20_7_3_1/nature_7_7.jpeg
DEBUG:root:./img_out/55_20_7_3_1/nature_7_r_7.jpeg
DEBUG:root:./img_out/55_20_7_3_1/art_1_7.jpeg
DEBUG:root:./img_out/55_20_7_3_1/art_1_r_7.jpeg
DEBUG:root:./img_out/55_20_7_3_1/portrait_4_7.jpeg
DEBUG:root:./img_out/55_20_7_3_1/portrait_4_r_7.jpeg
DEBUG:root:./img_out/55_20_7_3_1/portrait_8_7.jpeg
DEBUG:root:./img_out/55_20_7_3_1/portrait_8_r_7.jpeg
DEBUG:root:./img_out/55_20_7_3_1/nature_4_7.jpeg
DEBUG:root:./img_out/55_20_7_3_1/nature_4_r_7.jpeg
DEBUG:root:./img_out/55_20_7_3_1/art_2_7.jpeg
DEBUG:root:./img_out/55_20_7_3_1/art_2_r_7.jpeg
DEBUG:root:./img_out/55_20_7_3_1/portrait_7_7.jpeg
DEBUG:root:./img_out/55_20_7_3_1/portrait_7_r_7.jpeg
DEBUG:root:./img_out/55_20_7_3_1/portrait_6_7.jpeg
DEBUG:root:./img_out/55_20_7_3_1/portrait_6_r_7.jpeg
DEBUG:root:./img_out/55_20_7_3_1/art_3_7.jpeg
DEBUG:root:./img_out/55_20_7_3_1/art_3_r_7.jpeg
DEBUG:root:./img_out/55_20_7_3_1/nature_5_7.jpeg
DEBUG:root:./img_out/55_20_7_3_1/nature_5_r_7.jpeg
DEBUG:root:./img_out/55_20_7_3_1/nature_2_7.jpeg
DEBUG:root:./img_out/55_20_7_3_1/nature_2_r_7.jpeg
DEBUG:root:./img_out/55_20_7_3_1/nautre_8_7.jpeg
DEBUG:root:./img_out/55_20_7_3_1/nautre_8_r_7.jpeg
DEBUG:root:./img_out/55_20_7_3_1/art_4_7.jpeg
DEBUG:root:./img_out/55_20_7_3_1/art_4_r_7.jpeg
DEBUG:root:./img_out/55_20_7_3_1/portrait_1_7.jpeg
DEBUG:root:./img_out/55_20_7_3_1/portrait_1_r_7.jpeg
DEBUG:root:./img_out/55_20_7_3_1/art_8_7.jpeg
DEBUG:root:./img_out/55_20_7_3_1/art_8_r_7.jpeg
DEBUG:root:./img_out/55_20_7_3_1/portrait_10_7.jpeg
DEBUG:root:./img_out/55_20_7_3_1/portrait_10_r_7.jpeg
DEBUG:root:./img_out/55_20_7_3_1/art_9_7.jpeg
DEBUG:root:./img_out/55_20_7_3_1/art_9_r_7.jpeg
DEBUG:root:./img_out/55_20_7_3_1/art_5_7.jpeg
DEBUG:root:./img_out/55_20_7_3_1/art_5_r_7.jpeg
DEBUG:root:./img_out/55_20_7_3_1/nautre_9_7.jpeg
DEBUG:root:./img_out/55_20_7_3_1/nautre_9_r_7.jpeg
DEBUG:root:./img_out/55_20_7_3_1/nature_3_7.jpeg
DEBUG:root:./img_out/55_20_7_3_1/nature_3_r_7.jpeg
DEBUG:root:./img_out/55_20_7_3_1/portrait_3_3.jpeg
DEBUG:root:./img_out/55_20_7_3_1/portrait_3_r_3.jpeg
DEBUG:root:./img_out/55_20_7_3_1/art_6_3.jpeg
DEBUG:root:./img_out/55_20_7_3_1/art_6_r_3.jpeg
DEBUG:root:./img_out/55_20_7_3_1/nature_1_3.jpeg
DEBUG:root:./img_out/55_20_7_3_1/nature_1_r_3.jpeg
DEBUG:root:./img_out/55_20_7_3_1/art_7_3.jpeg
DEBUG:root:./img_out/55_20_7_3_1/art_7_r_3.jpeg
DEBUG:root:./img_out/55_20_7_3_1/nature_10_3.jpeg
DEBUG:root:./img_out/55_20_7_3_1/nature_10_r_3.jpeg
DEBUG:root:./img_out/55_20_7_3_1/art_10_3.jpeg
DEBUG:root:./img_out/55_20_7_3_1/art_10_r_3.jpeg
DEBUG:root:./img_out/55_20_7_3_1/portrait_2_3.jpeg
DEBUG:root:./img_out/55_20_7_3_1/portrait_2_r_3.jpeg
DEBUG:root:./img_out/55_20_7_3_1/portrait_9_3.jpeg
DEBUG:root:./img_out/55_20_7_3_1/portrait_9_r_3.jpeg
DEBUG:root:./img_out/55_20_7_3_1/portrait_5_3.jpeg
DEBUG:root:./img_out/55_20_7_3_1/portrait_5_r_3.jpeg
DEBUG:root:./img_out/55_20_7_3_1/nature_6_3.jpeg
DEBUG:root:./img_out/55_20_7_3_1/nature_6_r_3.jpeg
DEBUG:root:./img_out/55_20_7_3_1/nature_7_3.jpeg
DEBUG:root:./img_out/55_20_7_3_1/nature_7_r_3.jpeg
DEBUG:root:./img_out/55_20_7_3_1/art_1_3.jpeg
DEBUG:root:./img_out/55_20_7_3_1/art_1_r_3.jpeg
DEBUG:root:./img_out/55_20_7_3_1/portrait_4_3.jpeg
DEBUG:root:./img_out/55_20_7_3_1/portrait_4_r_3.jpeg
DEBUG:root:./img_out/55_20_7_3_1/portrait_8_3.jpeg
DEBUG:root:./img_out/55_20_7_3_1/portrait_8_r_3.jpeg
DEBUG:root:./img_out/55_20_7_3_1/nature_4_3.jpeg
DEBUG:root:./img_out/55_20_7_3_1/nature_4_r_3.jpeg
DEBUG:root:./img_out/55_20_7_3_1/art_2_3.jpeg
DEBUG:root:./img_out/55_20_7_3_1/art_2_r_3.jpeg
DEBUG:root:./img_out/55_20_7_3_1/portrait_7_3.jpeg
DEBUG:root:./img_out/55_20_7_3_1/portrait_7_r_3.jpeg
DEBUG:root:./img_out/55_20_7_3_1/portrait_6_3.jpeg
DEBUG:root:./img_out/55_20_7_3_1/portrait_6_r_3.jpeg
DEBUG:root:./img_out/55_20_7_3_1/art_3_3.jpeg
DEBUG:root:./img_out/55_20_7_3_1/art_3_r_3.jpeg
DEBUG:root:./img_out/55_20_7_3_1/nature_5_3.jpeg
DEBUG:root:./img_out/55_20_7_3_1/nature_5_r_3.jpeg
DEBUG:root:./img_out/55_20_7_3_1/nature_2_3.jpeg
DEBUG:root:./img_out/55_20_7_3_1/nature_2_r_3.jpeg
DEBUG:root:./img_out/55_20_7_3_1/nautre_8_3.jpeg
DEBUG:root:./img_out/55_20_7_3_1/nautre_8_r_3.jpeg
DEBUG:root:./img_out/55_20_7_3_1/art_4_3.jpeg
DEBUG:root:./img_out/55_20_7_3_1/art_4_r_3.jpeg
DEBUG:root:./img_out/55_20_7_3_1/portrait_1_3.jpeg
DEBUG:root:./img_out/55_20_7_3_1/portrait_1_r_3.jpeg
DEBUG:root:./img_out/55_20_7_3_1/art_8_3.jpeg
DEBUG:root:./img_out/55_20_7_3_1/art_8_r_3.jpeg
DEBUG:root:./img_out/55_20_7_3_1/portrait_10_3.jpeg
DEBUG:root:./img_out/55_20_7_3_1/portrait_10_r_3.jpeg
DEBUG:root:./img_out/55_20_7_3_1/art_9_3.jpeg
DEBUG:root:./img_out/55_20_7_3_1/art_9_r_3.jpeg
DEBUG:root:./img_out/55_20_7_3_1/art_5_3.jpeg
DEBUG:root:./img_out/55_20_7_3_1/art_5_r_3.jpeg
DEBUG:root:./img_out/55_20_7_3_1/nautre_9_3.jpeg
DEBUG:root:./img_out/55_20_7_3_1/nautre_9_r_3.jpeg
DEBUG:root:./img_out/55_20_7_3_1/nature_3_3.jpeg
DEBUG:root:./img_out/55_20_7_3_1/nature_3_r_3.jpeg
DEBUG:root:./img_out/55_20_7_3_1/portrait_3_1.jpeg
DEBUG:root:./img_out/55_20_7_3_1/portrait_3_r_1.jpeg
DEBUG:root:./img_out/55_20_7_3_1/art_6_1.jpeg
DEBUG:root:./img_out/55_20_7_3_1/art_6_r_1.jpeg
DEBUG:root:./img_out/55_20_7_3_1/nature_1_1.jpeg
DEBUG:root:./img_out/55_20_7_3_1/nature_1_r_1.jpeg
DEBUG:root:./img_out/55_20_7_3_1/art_7_1.jpeg
DEBUG:root:./img_out/55_20_7_3_1/art_7_r_1.jpeg
DEBUG:root:./img_out/55_20_7_3_1/nature_10_1.jpeg
DEBUG:root:./img_out/55_20_7_3_1/nature_10_r_1.jpeg
DEBUG:root:./img_out/55_20_7_3_1/art_10_1.jpeg
DEBUG:root:./img_out/55_20_7_3_1/art_10_r_1.jpeg
DEBUG:root:./img_out/55_20_7_3_1/portrait_2_1.jpeg
DEBUG:root:./img_out/55_20_7_3_1/portrait_2_r_1.jpeg
DEBUG:root:./img_out/55_20_7_3_1/portrait_9_1.jpeg
DEBUG:root:./img_out/55_20_7_3_1/portrait_9_r_1.jpeg
DEBUG:root:./img_out/55_20_7_3_1/portrait_5_1.jpeg
DEBUG:root:./img_out/55_20_7_3_1/portrait_5_r_1.jpeg
DEBUG:root:./img_out/55_20_7_3_1/nature_6_1.jpeg
DEBUG:root:./img_out/55_20_7_3_1/nature_6_r_1.jpeg
DEBUG:root:./img_out/55_20_7_3_1/nature_7_1.jpeg
DEBUG:root:./img_out/55_20_7_3_1/nature_7_r_1.jpeg
DEBUG:root:./img_out/55_20_7_3_1/art_1_1.jpeg
DEBUG:root:./img_out/55_20_7_3_1/art_1_r_1.jpeg
DEBUG:root:./img_out/55_20_7_3_1/portrait_4_1.jpeg
DEBUG:root:./img_out/55_20_7_3_1/portrait_4_r_1.jpeg
DEBUG:root:./img_out/55_20_7_3_1/portrait_8_1.jpeg
DEBUG:root:./img_out/55_20_7_3_1/portrait_8_r_1.jpeg
DEBUG:root:./img_out/55_20_7_3_1/nature_4_1.jpeg
DEBUG:root:./img_out/55_20_7_3_1/nature_4_r_1.jpeg
DEBUG:root:./img_out/55_20_7_3_1/art_2_1.jpeg
DEBUG:root:./img_out/55_20_7_3_1/art_2_r_1.jpeg
DEBUG:root:./img_out/55_20_7_3_1/portrait_7_1.jpeg
DEBUG:root:./img_out/55_20_7_3_1/portrait_7_r_1.jpeg
DEBUG:root:./img_out/55_20_7_3_1/portrait_6_1.jpeg
DEBUG:root:./img_out/55_20_7_3_1/portrait_6_r_1.jpeg
DEBUG:root:./img_out/55_20_7_3_1/art_3_1.jpeg
DEBUG:root:./img_out/55_20_7_3_1/art_3_r_1.jpeg
DEBUG:root:./img_out/55_20_7_3_1/nature_5_1.jpeg
DEBUG:root:./img_out/55_20_7_3_1/nature_5_r_1.jpeg
DEBUG:root:./img_out/55_20_7_3_1/nature_2_1.jpeg
DEBUG:root:./img_out/55_20_7_3_1/nature_2_r_1.jpeg
DEBUG:root:./img_out/55_20_7_3_1/nautre_8_1.jpeg
DEBUG:root:./img_out/55_20_7_3_1/nautre_8_r_1.jpeg
DEBUG:root:./img_out/55_20_7_3_1/art_4_1.jpeg
DEBUG:root:./img_out/55_20_7_3_1/art_4_r_1.jpeg
DEBUG:root:./img_out/55_20_7_3_1/portrait_1_1.jpeg
DEBUG:root:./img_out/55_20_7_3_1/portrait_1_r_1.jpeg
DEBUG:root:./img_out/55_20_7_3_1/art_8_1.jpeg
DEBUG:root:./img_out/55_20_7_3_1/art_8_r_1.jpeg
DEBUG:root:./img_out/55_20_7_3_1/portrait_10_1.jpeg
DEBUG:root:./img_out/55_20_7_3_1/portrait_10_r_1.jpeg
DEBUG:root:./img_out/55_20_7_3_1/art_9_1.jpeg
DEBUG:root:./img_out/55_20_7_3_1/art_9_r_1.jpeg
DEBUG:root:./img_out/55_20_7_3_1/art_5_1.jpeg
DEBUG:root:./img_out/55_20_7_3_1/art_5_r_1.jpeg
DEBUG:root:./img_out/55_20_7_3_1/nautre_9_1.jpeg
DEBUG:root:./img_out/55_20_7_3_1/nautre_9_r_1.jpeg
DEBUG:root:./img_out/55_20_7_3_1/nature_3_1.jpeg
DEBUG:root:./img_out/55_20_7_3_1/nature_3_r_1.jpeg
DEBUG:root:pre: [0.   1.25 2.5  3.75 5.  ]
DEBUG:root:sigmas: [148  43  12   3   1]
DEBUG:root:sigmas_str: 148_43_12_3_1
DEBUG:root:saved files
DEBUG:root:./img_out/148_43_12_3_1/portrait_3.jpeg
DEBUG:root:./img_out/148_43_12_3_1/portrait_3_r.jpeg
DEBUG:root:./img_out/148_43_12_3_1/art_6.jpeg
DEBUG:root:./img_out/148_43_12_3_1/art_6_r.jpeg
DEBUG:root:./img_out/148_43_12_3_1/nature_1.jpeg
DEBUG:root:./img_out/148_43_12_3_1/nature_1_r.jpeg
DEBUG:root:./img_out/148_43_12_3_1/art_7.jpeg
DEBUG:root:./img_out/148_43_12_3_1/art_7_r.jpeg
DEBUG:root:./img_out/148_43_12_3_1/nature_10.jpeg
DEBUG:root:./img_out/148_43_12_3_1/nature_10_r.jpeg
DEBUG:root:./img_out/148_43_12_3_1/art_10.jpeg
DEBUG:root:./img_out/148_43_12_3_1/art_10_r.jpeg
DEBUG:root:./img_out/148_43_12_3_1/portrait_2.jpeg
DEBUG:root:./img_out/148_43_12_3_1/portrait_2_r.jpeg
DEBUG:root:./img_out/148_43_12_3_1/portrait_9.jpeg
DEBUG:root:./img_out/148_43_12_3_1/portrait_9_r.jpeg
DEBUG:root:./img_out/148_43_12_3_1/portrait_5.jpeg
DEBUG:root:./img_out/148_43_12_3_1/portrait_5_r.jpeg
DEBUG:root:./img_out/148_43_12_3_1/nature_6.jpeg
DEBUG:root:./img_out/148_43_12_3_1/nature_6_r.jpeg
DEBUG:root:./img_out/148_43_12_3_1/nature_7.jpeg
DEBUG:root:./img_out/148_43_12_3_1/nature_7_r.jpeg
DEBUG:root:./img_out/148_43_12_3_1/art_1.jpeg
DEBUG:root:./img_out/148_43_12_3_1/art_1_r.jpeg
DEBUG:root:./img_out/148_43_12_3_1/portrait_4.jpeg
DEBUG:root:./img_out/148_43_12_3_1/portrait_4_r.jpeg
DEBUG:root:./img_out/148_43_12_3_1/portrait_8.jpeg
DEBUG:root:./img_out/148_43_12_3_1/portrait_8_r.jpeg
DEBUG:root:./img_out/148_43_12_3_1/nature_4.jpeg
DEBUG:root:./img_out/148_43_12_3_1/nature_4_r.jpeg
DEBUG:root:./img_out/148_43_12_3_1/art_2.jpeg
DEBUG:root:./img_out/148_43_12_3_1/art_2_r.jpeg
DEBUG:root:./img_out/148_43_12_3_1/portrait_7.jpeg
DEBUG:root:./img_out/148_43_12_3_1/portrait_7_r.jpeg
DEBUG:root:./img_out/148_43_12_3_1/portrait_6.jpeg
DEBUG:root:./img_out/148_43_12_3_1/portrait_6_r.jpeg
DEBUG:root:./img_out/148_43_12_3_1/art_3.jpeg
DEBUG:root:./img_out/148_43_12_3_1/art_3_r.jpeg
DEBUG:root:./img_out/148_43_12_3_1/nature_5.jpeg
DEBUG:root:./img_out/148_43_12_3_1/nature_5_r.jpeg
DEBUG:root:./img_out/148_43_12_3_1/nature_2.jpeg
DEBUG:root:./img_out/148_43_12_3_1/nature_2_r.jpeg
DEBUG:root:./img_out/148_43_12_3_1/nautre_8.jpeg
DEBUG:root:./img_out/148_43_12_3_1/nautre_8_r.jpeg
DEBUG:root:./img_out/148_43_12_3_1/art_4.jpeg
DEBUG:root:./img_out/148_43_12_3_1/art_4_r.jpeg
DEBUG:root:./img_out/148_43_12_3_1/portrait_1.jpeg
DEBUG:root:./img_out/148_43_12_3_1/portrait_1_r.jpeg
DEBUG:root:./img_out/148_43_12_3_1/art_8.jpeg
DEBUG:root:./img_out/148_43_12_3_1/art_8_r.jpeg
DEBUG:root:./img_out/148_43_12_3_1/portrait_10.jpeg
DEBUG:root:./img_out/148_43_12_3_1/portrait_10_r.jpeg
DEBUG:root:./img_out/148_43_12_3_1/art_9.jpeg
DEBUG:root:./img_out/148_43_12_3_1/art_9_r.jpeg
DEBUG:root:./img_out/148_43_12_3_1/art_5.jpeg
DEBUG:root:./img_out/148_43_12_3_1/art_5_r.jpeg
DEBUG:root:./img_out/148_43_12_3_1/nautre_9.jpeg
DEBUG:root:./img_out/148_43_12_3_1/nautre_9_r.jpeg
DEBUG:root:./img_out/148_43_12_3_1/nature_3.jpeg
DEBUG:root:./img_out/148_43_12_3_1/nature_3_r.jpeg
DEBUG:root:./img_out/148_43_12_3_1/portrait_3_148.jpeg
DEBUG:root:./img_out/148_43_12_3_1/portrait_3_r_148.jpeg
DEBUG:root:./img_out/148_43_12_3_1/art_6_148.jpeg
DEBUG:root:./img_out/148_43_12_3_1/art_6_r_148.jpeg
DEBUG:root:./img_out/148_43_12_3_1/nature_1_148.jpeg
DEBUG:root:./img_out/148_43_12_3_1/nature_1_r_148.jpeg
DEBUG:root:./img_out/148_43_12_3_1/art_7_148.jpeg
DEBUG:root:./img_out/148_43_12_3_1/art_7_r_148.jpeg
DEBUG:root:./img_out/148_43_12_3_1/nature_10_148.jpeg
DEBUG:root:./img_out/148_43_12_3_1/nature_10_r_148.jpeg
DEBUG:root:./img_out/148_43_12_3_1/art_10_148.jpeg
DEBUG:root:./img_out/148_43_12_3_1/art_10_r_148.jpeg
DEBUG:root:./img_out/148_43_12_3_1/portrait_2_148.jpeg
DEBUG:root:./img_out/148_43_12_3_1/portrait_2_r_148.jpeg
DEBUG:root:./img_out/148_43_12_3_1/portrait_9_148.jpeg
DEBUG:root:./img_out/148_43_12_3_1/portrait_9_r_148.jpeg
DEBUG:root:./img_out/148_43_12_3_1/portrait_5_148.jpeg
DEBUG:root:./img_out/148_43_12_3_1/portrait_5_r_148.jpeg
DEBUG:root:./img_out/148_43_12_3_1/nature_6_148.jpeg
DEBUG:root:./img_out/148_43_12_3_1/nature_6_r_148.jpeg
DEBUG:root:./img_out/148_43_12_3_1/nature_7_148.jpeg
DEBUG:root:./img_out/148_43_12_3_1/nature_7_r_148.jpeg
DEBUG:root:./img_out/148_43_12_3_1/art_1_148.jpeg
DEBUG:root:./img_out/148_43_12_3_1/art_1_r_148.jpeg
DEBUG:root:./img_out/148_43_12_3_1/portrait_4_148.jpeg
DEBUG:root:./img_out/148_43_12_3_1/portrait_4_r_148.jpeg
DEBUG:root:./img_out/148_43_12_3_1/portrait_8_148.jpeg
DEBUG:root:./img_out/148_43_12_3_1/portrait_8_r_148.jpeg
DEBUG:root:./img_out/148_43_12_3_1/nature_4_148.jpeg
DEBUG:root:./img_out/148_43_12_3_1/nature_4_r_148.jpeg
DEBUG:root:./img_out/148_43_12_3_1/art_2_148.jpeg
DEBUG:root:./img_out/148_43_12_3_1/art_2_r_148.jpeg
DEBUG:root:./img_out/148_43_12_3_1/portrait_7_148.jpeg
DEBUG:root:./img_out/148_43_12_3_1/portrait_7_r_148.jpeg
DEBUG:root:./img_out/148_43_12_3_1/portrait_6_148.jpeg
DEBUG:root:./img_out/148_43_12_3_1/portrait_6_r_148.jpeg
DEBUG:root:./img_out/148_43_12_3_1/art_3_148.jpeg
DEBUG:root:./img_out/148_43_12_3_1/art_3_r_148.jpeg
DEBUG:root:./img_out/148_43_12_3_1/nature_5_148.jpeg
DEBUG:root:./img_out/148_43_12_3_1/nature_5_r_148.jpeg
DEBUG:root:./img_out/148_43_12_3_1/nature_2_148.jpeg
DEBUG:root:./img_out/148_43_12_3_1/nature_2_r_148.jpeg
DEBUG:root:./img_out/148_43_12_3_1/nautre_8_148.jpeg
DEBUG:root:./img_out/148_43_12_3_1/nautre_8_r_148.jpeg
DEBUG:root:./img_out/148_43_12_3_1/art_4_148.jpeg
DEBUG:root:./img_out/148_43_12_3_1/art_4_r_148.jpeg
DEBUG:root:./img_out/148_43_12_3_1/portrait_1_148.jpeg
DEBUG:root:./img_out/148_43_12_3_1/portrait_1_r_148.jpeg
DEBUG:root:./img_out/148_43_12_3_1/art_8_148.jpeg
DEBUG:root:./img_out/148_43_12_3_1/art_8_r_148.jpeg
DEBUG:root:./img_out/148_43_12_3_1/portrait_10_148.jpeg
DEBUG:root:./img_out/148_43_12_3_1/portrait_10_r_148.jpeg
DEBUG:root:./img_out/148_43_12_3_1/art_9_148.jpeg
DEBUG:root:./img_out/148_43_12_3_1/art_9_r_148.jpeg
DEBUG:root:./img_out/148_43_12_3_1/art_5_148.jpeg
DEBUG:root:./img_out/148_43_12_3_1/art_5_r_148.jpeg
DEBUG:root:./img_out/148_43_12_3_1/nautre_9_148.jpeg
DEBUG:root:./img_out/148_43_12_3_1/nautre_9_r_148.jpeg
DEBUG:root:./img_out/148_43_12_3_1/nature_3_148.jpeg
DEBUG:root:./img_out/148_43_12_3_1/nature_3_r_148.jpeg
DEBUG:root:./img_out/148_43_12_3_1/portrait_3_43.jpeg
DEBUG:root:./img_out/148_43_12_3_1/portrait_3_r_43.jpeg
DEBUG:root:./img_out/148_43_12_3_1/art_6_43.jpeg
DEBUG:root:./img_out/148_43_12_3_1/art_6_r_43.jpeg
DEBUG:root:./img_out/148_43_12_3_1/nature_1_43.jpeg
DEBUG:root:./img_out/148_43_12_3_1/nature_1_r_43.jpeg
DEBUG:root:./img_out/148_43_12_3_1/art_7_43.jpeg
DEBUG:root:./img_out/148_43_12_3_1/art_7_r_43.jpeg
DEBUG:root:./img_out/148_43_12_3_1/nature_10_43.jpeg
DEBUG:root:./img_out/148_43_12_3_1/nature_10_r_43.jpeg
DEBUG:root:./img_out/148_43_12_3_1/art_10_43.jpeg
DEBUG:root:./img_out/148_43_12_3_1/art_10_r_43.jpeg
DEBUG:root:./img_out/148_43_12_3_1/portrait_2_43.jpeg
DEBUG:root:./img_out/148_43_12_3_1/portrait_2_r_43.jpeg
DEBUG:root:./img_out/148_43_12_3_1/portrait_9_43.jpeg
DEBUG:root:./img_out/148_43_12_3_1/portrait_9_r_43.jpeg
DEBUG:root:./img_out/148_43_12_3_1/portrait_5_43.jpeg
DEBUG:root:./img_out/148_43_12_3_1/portrait_5_r_43.jpeg
DEBUG:root:./img_out/148_43_12_3_1/nature_6_43.jpeg
DEBUG:root:./img_out/148_43_12_3_1/nature_6_r_43.jpeg
DEBUG:root:./img_out/148_43_12_3_1/nature_7_43.jpeg
DEBUG:root:./img_out/148_43_12_3_1/nature_7_r_43.jpeg
DEBUG:root:./img_out/148_43_12_3_1/art_1_43.jpeg
DEBUG:root:./img_out/148_43_12_3_1/art_1_r_43.jpeg
DEBUG:root:./img_out/148_43_12_3_1/portrait_4_43.jpeg
DEBUG:root:./img_out/148_43_12_3_1/portrait_4_r_43.jpeg
DEBUG:root:./img_out/148_43_12_3_1/portrait_8_43.jpeg
DEBUG:root:./img_out/148_43_12_3_1/portrait_8_r_43.jpeg
DEBUG:root:./img_out/148_43_12_3_1/nature_4_43.jpeg
DEBUG:root:./img_out/148_43_12_3_1/nature_4_r_43.jpeg
DEBUG:root:./img_out/148_43_12_3_1/art_2_43.jpeg
DEBUG:root:./img_out/148_43_12_3_1/art_2_r_43.jpeg
DEBUG:root:./img_out/148_43_12_3_1/portrait_7_43.jpeg
DEBUG:root:./img_out/148_43_12_3_1/portrait_7_r_43.jpeg
DEBUG:root:./img_out/148_43_12_3_1/portrait_6_43.jpeg
DEBUG:root:./img_out/148_43_12_3_1/portrait_6_r_43.jpeg
DEBUG:root:./img_out/148_43_12_3_1/art_3_43.jpeg
DEBUG:root:./img_out/148_43_12_3_1/art_3_r_43.jpeg
DEBUG:root:./img_out/148_43_12_3_1/nature_5_43.jpeg
DEBUG:root:./img_out/148_43_12_3_1/nature_5_r_43.jpeg
DEBUG:root:./img_out/148_43_12_3_1/nature_2_43.jpeg
DEBUG:root:./img_out/148_43_12_3_1/nature_2_r_43.jpeg
DEBUG:root:./img_out/148_43_12_3_1/nautre_8_43.jpeg
DEBUG:root:./img_out/148_43_12_3_1/nautre_8_r_43.jpeg
DEBUG:root:./img_out/148_43_12_3_1/art_4_43.jpeg
DEBUG:root:./img_out/148_43_12_3_1/art_4_r_43.jpeg
DEBUG:root:./img_out/148_43_12_3_1/portrait_1_43.jpeg
DEBUG:root:./img_out/148_43_12_3_1/portrait_1_r_43.jpeg
DEBUG:root:./img_out/148_43_12_3_1/art_8_43.jpeg
DEBUG:root:./img_out/148_43_12_3_1/art_8_r_43.jpeg
DEBUG:root:./img_out/148_43_12_3_1/portrait_10_43.jpeg
DEBUG:root:./img_out/148_43_12_3_1/portrait_10_r_43.jpeg
DEBUG:root:./img_out/148_43_12_3_1/art_9_43.jpeg
DEBUG:root:./img_out/148_43_12_3_1/art_9_r_43.jpeg
DEBUG:root:./img_out/148_43_12_3_1/art_5_43.jpeg
DEBUG:root:./img_out/148_43_12_3_1/art_5_r_43.jpeg
DEBUG:root:./img_out/148_43_12_3_1/nautre_9_43.jpeg
DEBUG:root:./img_out/148_43_12_3_1/nautre_9_r_43.jpeg
DEBUG:root:./img_out/148_43_12_3_1/nature_3_43.jpeg
DEBUG:root:./img_out/148_43_12_3_1/nature_3_r_43.jpeg
DEBUG:root:./img_out/148_43_12_3_1/portrait_3_12.jpeg
DEBUG:root:./img_out/148_43_12_3_1/portrait_3_r_12.jpeg
DEBUG:root:./img_out/148_43_12_3_1/art_6_12.jpeg
DEBUG:root:./img_out/148_43_12_3_1/art_6_r_12.jpeg
DEBUG:root:./img_out/148_43_12_3_1/nature_1_12.jpeg
DEBUG:root:./img_out/148_43_12_3_1/nature_1_r_12.jpeg
DEBUG:root:./img_out/148_43_12_3_1/art_7_12.jpeg
DEBUG:root:./img_out/148_43_12_3_1/art_7_r_12.jpeg
DEBUG:root:./img_out/148_43_12_3_1/nature_10_12.jpeg
DEBUG:root:./img_out/148_43_12_3_1/nature_10_r_12.jpeg
DEBUG:root:./img_out/148_43_12_3_1/art_10_12.jpeg
DEBUG:root:./img_out/148_43_12_3_1/art_10_r_12.jpeg
DEBUG:root:./img_out/148_43_12_3_1/portrait_2_12.jpeg
DEBUG:root:./img_out/148_43_12_3_1/portrait_2_r_12.jpeg
DEBUG:root:./img_out/148_43_12_3_1/portrait_9_12.jpeg
DEBUG:root:./img_out/148_43_12_3_1/portrait_9_r_12.jpeg
DEBUG:root:./img_out/148_43_12_3_1/portrait_5_12.jpeg
DEBUG:root:./img_out/148_43_12_3_1/portrait_5_r_12.jpeg
DEBUG:root:./img_out/148_43_12_3_1/nature_6_12.jpeg
DEBUG:root:./img_out/148_43_12_3_1/nature_6_r_12.jpeg
DEBUG:root:./img_out/148_43_12_3_1/nature_7_12.jpeg
DEBUG:root:./img_out/148_43_12_3_1/nature_7_r_12.jpeg
DEBUG:root:./img_out/148_43_12_3_1/art_1_12.jpeg
DEBUG:root:./img_out/148_43_12_3_1/art_1_r_12.jpeg
DEBUG:root:./img_out/148_43_12_3_1/portrait_4_12.jpeg
DEBUG:root:./img_out/148_43_12_3_1/portrait_4_r_12.jpeg
DEBUG:root:./img_out/148_43_12_3_1/portrait_8_12.jpeg
DEBUG:root:./img_out/148_43_12_3_1/portrait_8_r_12.jpeg
DEBUG:root:./img_out/148_43_12_3_1/nature_4_12.jpeg
DEBUG:root:./img_out/148_43_12_3_1/nature_4_r_12.jpeg
DEBUG:root:./img_out/148_43_12_3_1/art_2_12.jpeg
DEBUG:root:./img_out/148_43_12_3_1/art_2_r_12.jpeg
DEBUG:root:./img_out/148_43_12_3_1/portrait_7_12.jpeg
DEBUG:root:./img_out/148_43_12_3_1/portrait_7_r_12.jpeg
DEBUG:root:./img_out/148_43_12_3_1/portrait_6_12.jpeg
DEBUG:root:./img_out/148_43_12_3_1/portrait_6_r_12.jpeg
DEBUG:root:./img_out/148_43_12_3_1/art_3_12.jpeg
DEBUG:root:./img_out/148_43_12_3_1/art_3_r_12.jpeg
DEBUG:root:./img_out/148_43_12_3_1/nature_5_12.jpeg
DEBUG:root:./img_out/148_43_12_3_1/nature_5_r_12.jpeg
DEBUG:root:./img_out/148_43_12_3_1/nature_2_12.jpeg
DEBUG:root:./img_out/148_43_12_3_1/nature_2_r_12.jpeg
DEBUG:root:./img_out/148_43_12_3_1/nautre_8_12.jpeg
DEBUG:root:./img_out/148_43_12_3_1/nautre_8_r_12.jpeg
DEBUG:root:./img_out/148_43_12_3_1/art_4_12.jpeg
DEBUG:root:./img_out/148_43_12_3_1/art_4_r_12.jpeg
DEBUG:root:./img_out/148_43_12_3_1/portrait_1_12.jpeg
DEBUG:root:./img_out/148_43_12_3_1/portrait_1_r_12.jpeg
DEBUG:root:./img_out/148_43_12_3_1/art_8_12.jpeg
DEBUG:root:./img_out/148_43_12_3_1/art_8_r_12.jpeg
DEBUG:root:./img_out/148_43_12_3_1/portrait_10_12.jpeg
DEBUG:root:./img_out/148_43_12_3_1/portrait_10_r_12.jpeg
DEBUG:root:./img_out/148_43_12_3_1/art_9_12.jpeg
DEBUG:root:./img_out/148_43_12_3_1/art_9_r_12.jpeg
DEBUG:root:./img_out/148_43_12_3_1/art_5_12.jpeg
DEBUG:root:./img_out/148_43_12_3_1/art_5_r_12.jpeg
DEBUG:root:./img_out/148_43_12_3_1/nautre_9_12.jpeg
DEBUG:root:./img_out/148_43_12_3_1/nautre_9_r_12.jpeg
DEBUG:root:./img_out/148_43_12_3_1/nature_3_12.jpeg
DEBUG:root:./img_out/148_43_12_3_1/nature_3_r_12.jpeg
DEBUG:root:./img_out/148_43_12_3_1/portrait_3_3.jpeg
DEBUG:root:./img_out/148_43_12_3_1/portrait_3_r_3.jpeg
DEBUG:root:./img_out/148_43_12_3_1/art_6_3.jpeg
DEBUG:root:./img_out/148_43_12_3_1/art_6_r_3.jpeg
DEBUG:root:./img_out/148_43_12_3_1/nature_1_3.jpeg
DEBUG:root:./img_out/148_43_12_3_1/nature_1_r_3.jpeg
DEBUG:root:./img_out/148_43_12_3_1/art_7_3.jpeg
DEBUG:root:./img_out/148_43_12_3_1/art_7_r_3.jpeg
DEBUG:root:./img_out/148_43_12_3_1/nature_10_3.jpeg
DEBUG:root:./img_out/148_43_12_3_1/nature_10_r_3.jpeg
DEBUG:root:./img_out/148_43_12_3_1/art_10_3.jpeg
DEBUG:root:./img_out/148_43_12_3_1/art_10_r_3.jpeg
DEBUG:root:./img_out/148_43_12_3_1/portrait_2_3.jpeg
DEBUG:root:./img_out/148_43_12_3_1/portrait_2_r_3.jpeg
DEBUG:root:./img_out/148_43_12_3_1/portrait_9_3.jpeg
DEBUG:root:./img_out/148_43_12_3_1/portrait_9_r_3.jpeg
DEBUG:root:./img_out/148_43_12_3_1/portrait_5_3.jpeg
DEBUG:root:./img_out/148_43_12_3_1/portrait_5_r_3.jpeg
DEBUG:root:./img_out/148_43_12_3_1/nature_6_3.jpeg
DEBUG:root:./img_out/148_43_12_3_1/nature_6_r_3.jpeg
DEBUG:root:./img_out/148_43_12_3_1/nature_7_3.jpeg
DEBUG:root:./img_out/148_43_12_3_1/nature_7_r_3.jpeg
DEBUG:root:./img_out/148_43_12_3_1/art_1_3.jpeg
DEBUG:root:./img_out/148_43_12_3_1/art_1_r_3.jpeg
DEBUG:root:./img_out/148_43_12_3_1/portrait_4_3.jpeg
DEBUG:root:./img_out/148_43_12_3_1/portrait_4_r_3.jpeg
DEBUG:root:./img_out/148_43_12_3_1/portrait_8_3.jpeg
DEBUG:root:./img_out/148_43_12_3_1/portrait_8_r_3.jpeg
DEBUG:root:./img_out/148_43_12_3_1/nature_4_3.jpeg
DEBUG:root:./img_out/148_43_12_3_1/nature_4_r_3.jpeg
DEBUG:root:./img_out/148_43_12_3_1/art_2_3.jpeg
DEBUG:root:./img_out/148_43_12_3_1/art_2_r_3.jpeg
DEBUG:root:./img_out/148_43_12_3_1/portrait_7_3.jpeg
DEBUG:root:./img_out/148_43_12_3_1/portrait_7_r_3.jpeg
DEBUG:root:./img_out/148_43_12_3_1/portrait_6_3.jpeg
DEBUG:root:./img_out/148_43_12_3_1/portrait_6_r_3.jpeg
DEBUG:root:./img_out/148_43_12_3_1/art_3_3.jpeg
DEBUG:root:./img_out/148_43_12_3_1/art_3_r_3.jpeg
DEBUG:root:./img_out/148_43_12_3_1/nature_5_3.jpeg
DEBUG:root:./img_out/148_43_12_3_1/nature_5_r_3.jpeg
DEBUG:root:./img_out/148_43_12_3_1/nature_2_3.jpeg
DEBUG:root:./img_out/148_43_12_3_1/nature_2_r_3.jpeg
DEBUG:root:./img_out/148_43_12_3_1/nautre_8_3.jpeg
DEBUG:root:./img_out/148_43_12_3_1/nautre_8_r_3.jpeg
DEBUG:root:./img_out/148_43_12_3_1/art_4_3.jpeg
DEBUG:root:./img_out/148_43_12_3_1/art_4_r_3.jpeg
DEBUG:root:./img_out/148_43_12_3_1/portrait_1_3.jpeg
DEBUG:root:./img_out/148_43_12_3_1/portrait_1_r_3.jpeg
DEBUG:root:./img_out/148_43_12_3_1/art_8_3.jpeg
DEBUG:root:./img_out/148_43_12_3_1/art_8_r_3.jpeg
DEBUG:root:./img_out/148_43_12_3_1/portrait_10_3.jpeg
DEBUG:root:./img_out/148_43_12_3_1/portrait_10_r_3.jpeg
DEBUG:root:./img_out/148_43_12_3_1/art_9_3.jpeg
DEBUG:root:./img_out/148_43_12_3_1/art_9_r_3.jpeg
DEBUG:root:./img_out/148_43_12_3_1/art_5_3.jpeg
DEBUG:root:./img_out/148_43_12_3_1/art_5_r_3.jpeg
DEBUG:root:./img_out/148_43_12_3_1/nautre_9_3.jpeg
DEBUG:root:./img_out/148_43_12_3_1/nautre_9_r_3.jpeg
DEBUG:root:./img_out/148_43_12_3_1/nature_3_3.jpeg
DEBUG:root:./img_out/148_43_12_3_1/nature_3_r_3.jpeg
DEBUG:root:./img_out/148_43_12_3_1/portrait_3_1.jpeg
DEBUG:root:./img_out/148_43_12_3_1/portrait_3_r_1.jpeg
DEBUG:root:./img_out/148_43_12_3_1/art_6_1.jpeg
DEBUG:root:./img_out/148_43_12_3_1/art_6_r_1.jpeg
DEBUG:root:./img_out/148_43_12_3_1/nature_1_1.jpeg
DEBUG:root:./img_out/148_43_12_3_1/nature_1_r_1.jpeg
DEBUG:root:./img_out/148_43_12_3_1/art_7_1.jpeg
DEBUG:root:./img_out/148_43_12_3_1/art_7_r_1.jpeg
DEBUG:root:./img_out/148_43_12_3_1/nature_10_1.jpeg
DEBUG:root:./img_out/148_43_12_3_1/nature_10_r_1.jpeg
DEBUG:root:./img_out/148_43_12_3_1/art_10_1.jpeg
DEBUG:root:./img_out/148_43_12_3_1/art_10_r_1.jpeg
DEBUG:root:./img_out/148_43_12_3_1/portrait_2_1.jpeg
DEBUG:root:./img_out/148_43_12_3_1/portrait_2_r_1.jpeg
DEBUG:root:./img_out/148_43_12_3_1/portrait_9_1.jpeg
DEBUG:root:./img_out/148_43_12_3_1/portrait_9_r_1.jpeg
DEBUG:root:./img_out/148_43_12_3_1/portrait_5_1.jpeg
DEBUG:root:./img_out/148_43_12_3_1/portrait_5_r_1.jpeg
DEBUG:root:./img_out/148_43_12_3_1/nature_6_1.jpeg
DEBUG:root:./img_out/148_43_12_3_1/nature_6_r_1.jpeg
DEBUG:root:./img_out/148_43_12_3_1/nature_7_1.jpeg
DEBUG:root:./img_out/148_43_12_3_1/nature_7_r_1.jpeg
DEBUG:root:./img_out/148_43_12_3_1/art_1_1.jpeg
DEBUG:root:./img_out/148_43_12_3_1/art_1_r_1.jpeg
DEBUG:root:./img_out/148_43_12_3_1/portrait_4_1.jpeg
DEBUG:root:./img_out/148_43_12_3_1/portrait_4_r_1.jpeg
DEBUG:root:./img_out/148_43_12_3_1/portrait_8_1.jpeg
DEBUG:root:./img_out/148_43_12_3_1/portrait_8_r_1.jpeg
DEBUG:root:./img_out/148_43_12_3_1/nature_4_1.jpeg
DEBUG:root:./img_out/148_43_12_3_1/nature_4_r_1.jpeg
DEBUG:root:./img_out/148_43_12_3_1/art_2_1.jpeg
DEBUG:root:./img_out/148_43_12_3_1/art_2_r_1.jpeg
DEBUG:root:./img_out/148_43_12_3_1/portrait_7_1.jpeg
DEBUG:root:./img_out/148_43_12_3_1/portrait_7_r_1.jpeg
DEBUG:root:./img_out/148_43_12_3_1/portrait_6_1.jpeg
DEBUG:root:./img_out/148_43_12_3_1/portrait_6_r_1.jpeg
DEBUG:root:./img_out/148_43_12_3_1/art_3_1.jpeg
DEBUG:root:./img_out/148_43_12_3_1/art_3_r_1.jpeg
DEBUG:root:./img_out/148_43_12_3_1/nature_5_1.jpeg
DEBUG:root:./img_out/148_43_12_3_1/nature_5_r_1.jpeg
DEBUG:root:./img_out/148_43_12_3_1/nature_2_1.jpeg
DEBUG:root:./img_out/148_43_12_3_1/nature_2_r_1.jpeg
DEBUG:root:./img_out/148_43_12_3_1/nautre_8_1.jpeg
DEBUG:root:./img_out/148_43_12_3_1/nautre_8_r_1.jpeg
DEBUG:root:./img_out/148_43_12_3_1/art_4_1.jpeg
DEBUG:root:./img_out/148_43_12_3_1/art_4_r_1.jpeg
DEBUG:root:./img_out/148_43_12_3_1/portrait_1_1.jpeg
DEBUG:root:./img_out/148_43_12_3_1/portrait_1_r_1.jpeg
DEBUG:root:./img_out/148_43_12_3_1/art_8_1.jpeg
DEBUG:root:./img_out/148_43_12_3_1/art_8_r_1.jpeg
DEBUG:root:./img_out/148_43_12_3_1/portrait_10_1.jpeg
DEBUG:root:./img_out/148_43_12_3_1/portrait_10_r_1.jpeg
DEBUG:root:./img_out/148_43_12_3_1/art_9_1.jpeg
DEBUG:root:./img_out/148_43_12_3_1/art_9_r_1.jpeg
DEBUG:root:./img_out/148_43_12_3_1/art_5_1.jpeg
DEBUG:root:./img_out/148_43_12_3_1/art_5_r_1.jpeg
DEBUG:root:./img_out/148_43_12_3_1/nautre_9_1.jpeg
DEBUG:root:./img_out/148_43_12_3_1/nautre_9_r_1.jpeg
DEBUG:root:./img_out/148_43_12_3_1/nature_3_1.jpeg
DEBUG:root:./img_out/148_43_12_3_1/nature_3_r_1.jpeg
